Archive member included to satisfy reference by file (symbol)

/usr/lib/openmono/mono/monoCyLib.a(cybootloader.o)
                              (cy_meta_flashprotect)
/usr/lib/openmono/mono/monoCyLib.a(Cm3Start.o)
                              (Reset)
/usr/lib/openmono/mono/monoCyLib.a(CyLib.o)
                              /usr/lib/openmono/mono/monoCyLib.a(Cm3Start.o) (CyHalt)
/usr/lib/openmono/mono/monoCyLib.a(cyPm.o)
                              /usr/lib/openmono/mono/monoCyLib.a(CyLib.o) (CyPmReadStatus)
/usr/lib/openmono/mono/monoCyLib.a(cymetadata.o)
                              (cy_meta_loadable)
/usr/lib/openmono/mono/monoCyLib.a(CyFlash.o)
                              /usr/lib/openmono/mono/monoCyLib.a(cyPm.o) (CyFlash_SetWaitCycles)
/usr/lib/openmono/mono/monoCyLib.a(CyBootAsmGnu.o)
                              /usr/lib/openmono/mono/monoCyLib.a(CyLib.o) (CyDelayCycles)
/usr/lib/openmono/mono/monoCyLib.a(cyfitter_cfg.o)
                              /usr/lib/openmono/mono/monoCyLib.a(Cm3Start.o) (cyfitter_cfg)
/usr/lib/openmono/mono/monoCyLib.a(CySpc.o)
                              /usr/lib/openmono/mono/monoCyLib.a(CyFlash.o) (CySpcStart)
/usr/lib/openmono/mono/mbedlib.a(retarget.o)
                              /usr/lib/openmono/gcc-arm-none-eabi-5_2-2015q4/bin/../lib/gcc/arm-none-eabi/5.2.1/../../../../arm-none-eabi/lib/armv7-m/crt0.o (exit)
/usr/lib/openmono/mono/mbedlib.a(FilePath.o)
                              /usr/lib/openmono/mono/mbedlib.a(retarget.o) (mbed::FilePath::FilePath(char const*))
/usr/lib/openmono/mono/mbedlib.a(FileBase.o)
                              /usr/lib/openmono/mono/mbedlib.a(FilePath.o) (mbed::FileBase::lookup(char const*, unsigned int))
/usr/lib/openmono/mono/mbedlib.a(board.o)
                              /usr/lib/openmono/mono/mbedlib.a(retarget.o) (mbed_die)
/usr/lib/openmono/mono/mbedlib.a(FileSystemLike.o)
                              /usr/lib/openmono/mono/mbedlib.a(retarget.o) (mbed::FileSystemLike::opendir())
/usr/lib/openmono/mono/mbedlib.a(serial_api.o)
                              /usr/lib/openmono/mono/mbedlib.a(retarget.o) (stdio_uart_inited)
/usr/lib/openmono/mono/mbedlib.a(serial_usb_api.o)
                              /usr/lib/openmono/mono/mbedlib.a(serial_api.o) (serial_usbuart_init_cdc)
/usr/lib/openmono/mono/mbedlib.a(us_ticker.o)
                              /usr/lib/openmono/mono/mbedlib.a(serial_usb_api.o) (us_ticker_read)
/usr/lib/openmono/mono/mbedlib.a(us_ticker_api.o)
                              /usr/lib/openmono/mono/mbedlib.a(us_ticker.o) (us_ticker_irq_handler)
/usr/lib/openmono/mono/mbedlib.a(ticker_api.o)
                              /usr/lib/openmono/mono/mbedlib.a(us_ticker_api.o) (ticker_irq_handler)
/usr/lib/openmono/gcc-arm-none-eabi-5_2-2015q4/bin/../lib/gcc/arm-none-eabi/5.2.1/../../../../arm-none-eabi/lib/armv7-m/libstdc++_nano.a(atexit_arm.o)
                              build/app_controller.o (__aeabi_atexit)
/usr/lib/openmono/gcc-arm-none-eabi-5_2-2015q4/bin/../lib/gcc/arm-none-eabi/5.2.1/../../../../arm-none-eabi/lib/armv7-m/libstdc++_nano.a(del_op.o)
                              /usr/lib/openmono/mono/mbedlib.a(retarget.o) (operator delete(void*))
/usr/lib/openmono/gcc-arm-none-eabi-5_2-2015q4/bin/../lib/gcc/arm-none-eabi/5.2.1/../../../../arm-none-eabi/lib/armv7-m/libstdc++_nano.a(new_op.o)
                              /usr/lib/openmono/mono/mbedlib.a(FileSystemLike.o) (operator new(unsigned int))
/usr/lib/openmono/gcc-arm-none-eabi-5_2-2015q4/bin/../lib/gcc/arm-none-eabi/5.2.1/../../../../arm-none-eabi/lib/armv7-m/libstdc++_nano.a(pure.o)
                              /usr/lib/openmono/mono/mbedlib.a(retarget.o) (__cxa_pure_virtual)
/usr/lib/openmono/gcc-arm-none-eabi-5_2-2015q4/bin/../lib/gcc/arm-none-eabi/5.2.1/../../../../arm-none-eabi/lib/armv7-m/libstdc++_nano.a(new_handler.o)
                              /usr/lib/openmono/gcc-arm-none-eabi-5_2-2015q4/bin/../lib/gcc/arm-none-eabi/5.2.1/../../../../arm-none-eabi/lib/armv7-m/libstdc++_nano.a(new_op.o) (std::get_new_handler())
/usr/lib/openmono/gcc-arm-none-eabi-5_2-2015q4/bin/../lib/gcc/arm-none-eabi/5.2.1/../../../../arm-none-eabi/lib/armv7-m/libstdc++_nano.a(eh_terminate.o)
                              /usr/lib/openmono/gcc-arm-none-eabi-5_2-2015q4/bin/../lib/gcc/arm-none-eabi/5.2.1/../../../../arm-none-eabi/lib/armv7-m/libstdc++_nano.a(pure.o) (std::terminate())
/usr/lib/openmono/gcc-arm-none-eabi-5_2-2015q4/bin/../lib/gcc/arm-none-eabi/5.2.1/../../../../arm-none-eabi/lib/armv7-m/libstdc++_nano.a(eh_term_handler.o)
                              /usr/lib/openmono/gcc-arm-none-eabi-5_2-2015q4/bin/../lib/gcc/arm-none-eabi/5.2.1/../../../../arm-none-eabi/lib/armv7-m/libstdc++_nano.a(eh_terminate.o) (__cxxabiv1::__terminate_handler)
/usr/lib/openmono/gcc-arm-none-eabi-5_2-2015q4/bin/../lib/gcc/arm-none-eabi/5.2.1/../../../../arm-none-eabi/lib/armv7-m/libstdc++_nano.a(eh_unex_handler.o)
[...]
Memory Configuration

Name             Origin             Length             Attributes
rom              0x00000000         0x00040000         xr
ram              0x1fff8000         0x00010000         xrw
*default*        0x00000000         0xffffffff

Linker script and memory map

LOAD /usr/lib/openmono/gcc-arm-none-eabi-5_2-2015q4/bin/../lib/gcc/arm-none-eabi/5.2.1/armv7-m/crti.o
LOAD /usr/lib/openmono/gcc-arm-none-eabi-5_2-2015q4/bin/../lib/gcc/arm-none-eabi/5.2.1/armv7-m/crtbegin.o
LOAD /usr/lib/openmono/gcc-arm-none-eabi-5_2-2015q4/bin/../lib/gcc/arm-none-eabi/5.2.1/../../../../arm-none-eabi/lib/armv7-m/crt0.o
START GROUP
LOAD /usr/lib/openmono/mono/monoCyLib.a
LOAD /usr/lib/openmono/mono/CyComponentLibrary.a
LOAD /usr/lib/openmono/mono/mbedlib.a
LOAD /usr/lib/openmono/mono/mono_framework.a
LOAD build/app_controller.o
LOAD build/mono_default_main.o
LOAD /usr/lib/openmono/gcc-arm-none-eabi-5_2-2015q4/bin/../lib/gcc/arm-none-eabi/5.2.1/../../../../arm-none-eabi/lib/armv7-m/libstdc++_nano.a
LOAD /usr/lib/openmono/gcc-arm-none-eabi-5_2-2015q4/bin/../lib/gcc/arm-none-eabi/5.2.1/../../../../arm-none-eabi/lib/armv7-m/libsupc++_nano.a
LOAD /usr/lib/openmono/gcc-arm-none-eabi-5_2-2015q4/bin/../lib/gcc/arm-none-eabi/5.2.1/../../../../arm-none-eabi/lib/armv7-m/libm.a
LOAD /usr/lib/openmono/gcc-arm-none-eabi-5_2-2015q4/bin/../lib/gcc/arm-none-eabi/5.2.1/../../../../arm-none-eabi/lib/armv7-m/libc_nano.a
LOAD /usr/lib/openmono/gcc-arm-none-eabi-5_2-2015q4/bin/../lib/gcc/arm-none-eabi/5.2.1/armv7-m/libgcc.a
LOAD /usr/lib/openmono/gcc-arm-none-eabi-5_2-2015q4/bin/../lib/gcc/arm-none-eabi/5.2.1/../../../../arm-none-eabi/lib/armv7-m/libnosys.a
END GROUP
START GROUP
LOAD /usr/lib/openmono/gcc-arm-none-eabi-5_2-2015q4/bin/../lib/gcc/arm-none-eabi/5.2.1/armv7-m/libgcc.a
LOAD /usr/lib/openmono/gcc-arm-none-eabi-5_2-2015q4/bin/../lib/gcc/arm-none-eabi/5.2.1/../../../../arm-none-eabi/lib/armv7-m/libg_nano.a
LOAD /usr/lib/openmono/gcc-arm-none-eabi-5_2-2015q4/bin/../lib/gcc/arm-none-eabi/5.2.1/../../../../arm-none-eabi/lib/armv7-m/libc_nano.a
END GROUP
START GROUP
LOAD /usr/lib/openmono/gcc-arm-none-eabi-5_2-2015q4/bin/../lib/gcc/arm-none-eabi/5.2.1/armv7-m/libgcc.a
LOAD /usr/lib/openmono/gcc-arm-none-eabi-5_2-2015q4/bin/../lib/gcc/arm-none-eabi/5.2.1/../../../../arm-none-eabi/lib/armv7-m/libc_nano.a
END GROUP
LOAD /usr/lib/openmono/gcc-arm-none-eabi-5_2-2015q4/bin/../lib/gcc/arm-none-eabi/5.2.1/armv7-m/crtend.o
LOAD /usr/lib/openmono/gcc-arm-none-eabi-5_2-2015q4/bin/../lib/gcc/arm-none-eabi/5.2.1/armv7-m/crtn.o
START GROUP
LOAD /usr/lib/openmono/gcc-arm-none-eabi-5_2-2015q4/bin/../lib/gcc/arm-none-eabi/5.2.1/armv7-m/libgcc.a
LOAD /usr/lib/openmono/gcc-arm-none-eabi-5_2-2015q4/bin/../lib/gcc/arm-none-eabi/5.2.1/../../../../arm-none-eabi/lib/armv7-m/libc.a
LOAD /usr/lib/openmono/gcc-arm-none-eabi-5_2-2015q4/bin/../lib/gcc/arm-none-eabi/5.2.1/../../../../arm-none-eabi/lib/armv7-m/libnosys.a
END GROUP
                0x00000000                CY_APPL_ORIGIN = 0x0
                0x00000100                CY_FLASH_ROW_SIZE = 0x100
                0x00000020                CY_ECC_ROW_SIZE = 0x20
                0x00000000                CY_EE_IN_BTLDR = 0x0
                0x00000001                CY_APPL_LOADABLE = 0x1
                0x00000800                CY_EE_SIZE = 0x800
                0x00000001                CY_APPL_NUM = 0x1
                0x00000001                CY_APPL_MAX = 0x1
                0x00000040                CY_METADATA_SIZE = 0x40
                [!provide]                PROVIDE (__cy_heap_start, _end)
                0x00000001                PROVIDE (__cy_region_num, ((__cy_regions_end - __cy_regions) / 0x10))
                0x20008000                PROVIDE (__cy_stack, (ORIGIN (ram) + LENGTH (ram)))
                [!provide]                PROVIDE (__cy_heap_end, (__cy_stack - 0x4000))

.cybootloader   0x00000000     0x2200
 *(.cybootloader)
 .cybootloader  0x00000000     0x2200 /usr/lib/openmono/mono/monoCyLib.a(cybootloader.o)
                0x00000000                cy_bootloader
                0x00002200                appl1_start = CY_APPL_ORIGIN?CY_APPL_ORIGIN:ALIGN (CY_FLASH_ROW_SIZE)
                0x00021000                appl2_start = (appl1_start + ALIGN ((((LENGTH (rom) - appl1_start) - (0x2 * CY_FLASH_ROW_SIZE)) / 0x2), CY_FLASH_ROW_SIZE))
                0x00002200                appl_start = (CY_APPL_NUM == 0x1)?appl1_start:appl2_start
                0x00000440                ecc_offset = ((appl_start / CY_FLASH_ROW_SIZE) * CY_ECC_ROW_SIZE)
                0x00000000                ee_offset = (CY_APPL_LOADABLE && ! (CY_EE_IN_BTLDR))?((CY_EE_SIZE / CY_APPL_MAX) * (CY_APPL_NUM - 0x1)):0x0
                0x00000800                ee_size = (CY_APPL_LOADABLE && ! (CY_EE_IN_BTLDR))?(CY_EE_SIZE / CY_APPL_MAX):CY_EE_SIZE
                0x00000440                PROVIDE (CY_ECC_OFFSET, ecc_offset)

.text           0x00002200    0x14928
 CREATE_OBJECT_SYMBOLS
                0x00002200                PROVIDE (__cy_interrupt_vector, RomVectors)
 *(.romvectors)
 .romvectors    0x00002200       0x10 /usr/lib/openmono/mono/monoCyLib.a(Cm3Start.o)
                0x00002200                RomVectors
                0x00000001                ASSERT ((. != __cy_interrupt_vector), No interrupt vector)
                0x00000001                ASSERT (CY_APPL_ORIGIN?(SIZEOF (.cybootloader) <= CY_APPL_ORIGIN):0x1, Wrong image location)
                0x00002210                PROVIDE (__cy_reset, Reset)
 *(.text.Reset)
 .text.Reset    0x00002210        0x6 /usr/lib/openmono/mono/monoCyLib.a(Cm3Start.o)
                0x00002210                Reset
                0x00000001                ASSERT ((. != __cy_reset), No reset code)
 *(.dma_init)
                0x00000001                ASSERT ((((appl_start + .) <= 0x10000) || 0x1), DMA Init must be within the first 64k of flash)
 *(.text .text.* .gnu.linkonce.t.*)
 *fill*         0x00002216        0x2 
 .text          0x00002218       0xa4 /usr/lib/openmono/gcc-arm-none-eabi-5_2-2015q4/bin/../lib/gcc/arm-none-eabi/5.2.1/armv7-m/crtbegin.o
 .text.IntDefaultHandler
                0x000022bc        0x2 /usr/lib/openmono/mono/monoCyLib.a(Cm3Start.o)
                0x000022bc                IntDefaultHandler
 .text._exit    0x000022be        0xa /usr/lib/openmono/mono/monoCyLib.a(Cm3Start.o)
                0x000022be                _exit
 .text._sbrk    0x000022c8       0x30 /usr/lib/openmono/mono/monoCyLib.a(Cm3Start.o)
                0x000022c8                _sbrk
 .text.Start_c  0x000022f8       0x50 /usr/lib/openmono/mono/monoCyLib.a(Cm3Start.o)
                0x000022f8                Start_c
 .text.startup.initialize_psoc
                0x00002348       0x68 /usr/lib/openmono/mono/monoCyLib.a(Cm3Start.o)
                0x00002348                initialize_psoc
 .text.CyIMO_SetTrimValue
                0x000023b0       0xbc /usr/lib/openmono/mono/monoCyLib.a(CyLib.o)
 .text.CyBusClk_Internal_SetDivider
                0x0000246c       0x44 /usr/lib/openmono/mono/monoCyLib.a(CyLib.o)
 .text.CyPLL_OUT_Stop
                0x000024b0       0x10 /usr/lib/openmono/mono/monoCyLib.a(CyLib.o)
                0x000024b0                CyPLL_OUT_Stop
 .text.CyIMO_Stop
                0x000024c0       0x18 /usr/lib/openmono/mono/monoCyLib.a(CyLib.o)
                0x000024c0                CyIMO_Stop
 .text.CyIMO_SetSource
                0x000024d8       0x44 /usr/lib/openmono/mono/monoCyLib.a(CyLib.o)
                0x000024d8                CyIMO_SetSource
 .text.CyIMO_EnableDoubler
                0x0000251c       0x10 /usr/lib/openmono/mono/monoCyLib.a(CyLib.o)
                0x0000251c                CyIMO_EnableDoubler
 .text.CyIMO_DisableDoubler
                0x0000252c       0x10 /usr/lib/openmono/mono/monoCyLib.a(CyLib.o)
                0x0000252c                CyIMO_DisableDoubler
 .text.CyIMO_SetFreq
                0x0000253c       0xd4 /usr/lib/openmono/mono/monoCyLib.a(CyLib.o)
                0x0000253c                CyIMO_SetFreq
 .text.CyMasterClk_SetSource
                0x00002610       0x18 /usr/lib/openmono/mono/monoCyLib.a(CyLib.o)
                0x00002610                CyMasterClk_SetSource
 .text.CyMasterClk_SetDivider
                0x00002628        0xc /usr/lib/openmono/mono/monoCyLib.a(CyLib.o)
                0x00002628                CyMasterClk_SetDivider
 .text.CyBusClk_SetDivider
                0x00002634       0x70 /usr/lib/openmono/mono/monoCyLib.a(CyLib.o)
                0x00002634                CyBusClk_SetDivider
 .text.CyILO_Start100K
                0x000026a4       0x10 /usr/lib/openmono/mono/monoCyLib.a(CyLib.o)
                0x000026a4                CyILO_Start100K
 .text.CyILO_Stop100K
                0x000026b4       0x10 /usr/lib/openmono/mono/monoCyLib.a(CyLib.o)
                0x000026b4                CyILO_Stop100K
 .text.CyPLL_OUT_Start
                0x000026c4       0x74 /usr/lib/openmono/mono/monoCyLib.a(CyLib.o)
                0x000026c4                CyPLL_OUT_Start
 .text.CyIMO_Start
                0x00002738       0x5c /usr/lib/openmono/mono/monoCyLib.a(CyLib.o)
                0x00002738                CyIMO_Start
 .text.CyXTAL_Start
                0x00002794       0xa0 /usr/lib/openmono/mono/monoCyLib.a(CyLib.o)
                0x00002794                CyXTAL_Start
 .text.CyXTAL_Stop
                0x00002834       0x10 /usr/lib/openmono/mono/monoCyLib.a(CyLib.o)
                0x00002834                CyXTAL_Stop
 .text.CyHalt   0x00002844        0x4 /usr/lib/openmono/mono/monoCyLib.a(CyLib.o)
                0x00002844                CyHalt
 .text.CySoftwareReset
                0x00002848       0x10 /usr/lib/openmono/mono/monoCyLib.a(CyLib.o)
                0x00002848                CySoftwareReset
 .text.CyDelay  0x00002858       0x30 /usr/lib/openmono/mono/monoCyLib.a(CyLib.o)
                0x00002858                CyDelay
 .text.CyDelayUs
                0x00002888       0x10 /usr/lib/openmono/mono/monoCyLib.a(CyLib.o)
                0x00002888                CyDelayUs
 .text.CyIntSetSysVector
                0x00002898       0x1c /usr/lib/openmono/mono/monoCyLib.a(CyLib.o)
                0x00002898                CyIntSetSysVector
 .text.CyIntSetVector
                0x000028b4       0x20 /usr/lib/openmono/mono/monoCyLib.a(CyLib.o)
                0x000028b4                CyIntSetVector
 .text.CyIntSetPriority
                0x000028d4       0x20 /usr/lib/openmono/mono/monoCyLib.a(CyLib.o)
                0x000028d4                CyIntSetPriority
 .text.CySysTickInit
                0x000028f4       0x58 /usr/lib/openmono/mono/monoCyLib.a(CyLib.o)
                0x000028f4                CySysTickInit
 .text.CySysTickEnableInterrupt
                0x0000294c       0x10 /usr/lib/openmono/mono/monoCyLib.a(CyLib.o)
                0x0000294c                CySysTickEnableInterrupt
 .text.CySysTickEnable
                0x0000295c       0x18 /usr/lib/openmono/mono/monoCyLib.a(CyLib.o)
                0x0000295c                CySysTickEnable
 .text.CySysTickStart
                0x00002974       0x1c /usr/lib/openmono/mono/monoCyLib.a(CyLib.o)
                0x00002974                CySysTickStart
 .text.CySysTickDisableInterrupt
                0x00002990       0x10 /usr/lib/openmono/mono/monoCyLib.a(CyLib.o)
                0x00002990                CySysTickDisableInterrupt
 .text.CySysTickSetReload
                0x000029a0       0x10 /usr/lib/openmono/mono/monoCyLib.a(CyLib.o)
                0x000029a0                CySysTickSetReload
 .text.CySysTickGetReload
                0x000029b0       0x10 /usr/lib/openmono/mono/monoCyLib.a(CyLib.o)
                0x000029b0                CySysTickGetReload
 .text.CySysTickGetValue
                0x000029c0       0x10 /usr/lib/openmono/mono/monoCyLib.a(CyLib.o)
                0x000029c0                CySysTickGetValue
 .text.CySysTickSetClockSource
                0x000029d0       0x18 /usr/lib/openmono/mono/monoCyLib.a(CyLib.o)
                0x000029d0                CySysTickSetClockSource
 .text.CySysTickGetCountFlag
                0x000029e8       0x10 /usr/lib/openmono/mono/monoCyLib.a(CyLib.o)
                0x000029e8                CySysTickGetCountFlag
 .text.CySysTickServiceCallbacks
                0x000029f8       0x24 /usr/lib/openmono/mono/monoCyLib.a(CyLib.o)
 .text.CySysTickClear
                0x00002a1c        0xc /usr/lib/openmono/mono/monoCyLib.a(CyLib.o)
                0x00002a1c                CySysTickClear
 .text.CyGetUniqueId
                0x00002a28       0x70 /usr/lib/openmono/mono/monoCyLib.a(CyLib.o)
                0x00002a28                CyGetUniqueId
 .text.CyPmHibSlpSaveSet
                0x00002a98      0x1c0 /usr/lib/openmono/mono/monoCyLib.a(cyPm.o)
 .text.CyPmHibSlpRestore
                0x00002c58       0xc0 /usr/lib/openmono/mono/monoCyLib.a(cyPm.o)
 .text.CyPmSaveClocks
                0x00002d18      0x1c0 /usr/lib/openmono/mono/monoCyLib.a(cyPm.o)
                0x00002d18                CyPmSaveClocks
 .text.CyPmRestoreClocks
                0x00002ed8      0x1f0 /usr/lib/openmono/mono/monoCyLib.a(cyPm.o)
                0x00002ed8                CyPmRestoreClocks
 .text.CyPmSleep
                0x000030c8       0xf0 /usr/lib/openmono/mono/monoCyLib.a(cyPm.o)
                0x000030c8                CyPmSleep
 .text.CyPmReadStatus
                0x000031b8       0x2c /usr/lib/openmono/mono/monoCyLib.a(cyPm.o)
                0x000031b8                CyPmReadStatus
 .text.CyPmFtwSetInterval
                0x000031e4       0x50 /usr/lib/openmono/mono/monoCyLib.a(cyPm.o)
                0x000031e4                CyPmFtwSetInterval
 .text.CyFlash_SetWaitCycles
                0x00003234       0x78 /usr/lib/openmono/mono/monoCyLib.a(CyFlash.o)
                0x00003234                CyFlash_SetWaitCycles
 *fill*         0x000032ac        0x4 
 .text          0x000032b0       0x20 /usr/lib/openmono/mono/monoCyLib.a(CyBootAsmGnu.o)
                0x000032b0                CyDelayCycles
                0x000032c0                CyEnterCriticalSection
                0x000032c8                CyExitCriticalSection
 .text.cyfitter_cfg
                0x000032d0      0x2b8 /usr/lib/openmono/mono/monoCyLib.a(cyfitter_cfg.o)
                0x000032d0                cyfitter_cfg
 .text._ZN4mbed10FileHandle4flenEv
                0x00003588       0x54 /usr/lib/openmono/mono/mbedlib.a(retarget.o)
                0x00003588                mbed::FileHandle::flen()
 .text._ZN4mbed10FileHandleD2Ev
                0x000035dc       0x58 /usr/lib/openmono/mono/mbedlib.a(retarget.o)
                0x000035dc                mbed::FileHandle::~FileHandle()
                0x000035dc                mbed::FileHandle::~FileHandle()
 .text._ZL11init_serialv
                0x00003634       0x2c /usr/lib/openmono/mono/mbedlib.a(retarget.o)
 .text._ZL17openmode_to_posixi
                0x00003660       0x18 /usr/lib/openmono/mono/mbedlib.a(retarget.o)
 .text._open    0x00003678      0x154 /usr/lib/openmono/mono/mbedlib.a(retarget.o)
                0x00003678                _open
 .text._close   0x000037cc       0x50 /usr/lib/openmono/mono/mbedlib.a(retarget.o)
                0x000037cc                _close
 .text._write   0x0000381c       0x88 /usr/lib/openmono/mono/mbedlib.a(retarget.o)
                0x0000381c                _write
 .text._read    0x000038a4       0x74 /usr/lib/openmono/mono/mbedlib.a(retarget.o)
                0x000038a4                _read
 .text._isatty  0x00003918       0x44 /usr/lib/openmono/mono/mbedlib.a(retarget.o)
                0x00003918                _isatty
 .text._lseek   0x0000395c       0x4c /usr/lib/openmono/mono/mbedlib.a(retarget.o)
                0x0000395c                _lseek
 .text._fstat   0x000039a8       0x40 /usr/lib/openmono/mono/mbedlib.a(retarget.o)
                0x000039a8                _fstat
 .text.exit     0x000039e8       0x30 /usr/lib/openmono/mono/mbedlib.a(retarget.o)
                0x000039e8                exit
 .text._ZN4mbed26mbed_set_unbuffered_streamEP7__sFILE
                0x00003a18       0x18 /usr/lib/openmono/mono/mbedlib.a(retarget.o)
                0x00003a18                mbed::mbed_set_unbuffered_stream(__sFILE*)
 .text._ZN4mbed8FilePathC2EPKc
                0x00003a30       0x88 /usr/lib/openmono/mono/mbedlib.a(FilePath.o)
                0x00003a30                mbed::FilePath::FilePath(char const*)
                0x00003a30                mbed::FilePath::FilePath(char const*)
 .text._ZN4mbed8FilePath8fileNameEv
                0x00003ab8       0x18 /usr/lib/openmono/mono/mbedlib.a(FilePath.o)
                0x00003ab8                mbed::FilePath::fileName()
 .text._ZN4mbed8FilePath12isFileSystemEv
                0x00003ad0       0x34 /usr/lib/openmono/mono/mbedlib.a(FilePath.o)
                0x00003ad0                mbed::FilePath::isFileSystem()
 .text._ZN4mbed8FilePath10fileSystemEv
                0x00003b04       0x24 /usr/lib/openmono/mono/mbedlib.a(FilePath.o)
                0x00003b04                mbed::FilePath::fileSystem()
 .text._ZN4mbed8FilePath6isFileEv
                0x00003b28       0x34 /usr/lib/openmono/mono/mbedlib.a(FilePath.o)
                0x00003b28                mbed::FilePath::isFile()
 .text._ZN4mbed8FilePath4fileEv
                0x00003b5c       0x34 /usr/lib/openmono/mono/mbedlib.a(FilePath.o)
                0x00003b5c                mbed::FilePath::file()
 .text._ZN4mbed8FilePath6existsEv
                0x00003b90       0x20 /usr/lib/openmono/mono/mbedlib.a(FilePath.o)
                0x00003b90                mbed::FilePath::exists()
 .text._ZN4mbed8FileBaseC2EPKcNS_8PathTypeE
                0x00003bb0       0x58 /usr/lib/openmono/mono/mbedlib.a(FileBase.o)
                0x00003bb0                mbed::FileBase::FileBase(char const*, mbed::PathType)
                0x00003bb0                mbed::FileBase::FileBase(char const*, mbed::PathType)
 .text._ZN4mbed8FileBaseD2Ev
                0x00003c08       0x68 /usr/lib/openmono/mono/mbedlib.a(FileBase.o)
                0x00003c08                mbed::FileBase::~FileBase()
                0x00003c08                mbed::FileBase::~FileBase()
 .text._ZN4mbed8FileBaseD0Ev
                0x00003c70       0x20 /usr/lib/openmono/mono/mbedlib.a(FileBase.o)
                0x00003c70                mbed::FileBase::~FileBase()
 .text._ZN4mbed8FileBase6lookupEPKcj
                0x00003c90       0x60 /usr/lib/openmono/mono/mbedlib.a(FileBase.o)
                0x00003c90                mbed::FileBase::lookup(char const*, unsigned int)
 .text._ZN4mbed8FileBase11getPathTypeEv
                0x00003cf0       0x18 /usr/lib/openmono/mono/mbedlib.a(FileBase.o)
                0x00003cf0                mbed::FileBase::getPathType()
 .text.mbed_die
                0x00003d08       0x9c /usr/lib/openmono/mono/mbedlib.a(board.o)
                0x00003d08                mbed_die
 .text.serial_init
                0x00003da4       0x5c /usr/lib/openmono/mono/mbedlib.a(serial_api.o)
                0x00003da4                serial_init
 .text.serial_irq_handler
                0x00003e00       0x18 /usr/lib/openmono/mono/mbedlib.a(serial_api.o)
                0x00003e00                serial_irq_handler
 .text.serial_getc
                0x00003e18       0x2c /usr/lib/openmono/mono/mbedlib.a(serial_api.o)
                0x00003e18                serial_getc
 .text.serial_putc
                0x00003e44       0x54 /usr/lib/openmono/mono/mbedlib.a(serial_api.o)
                0x00003e44                serial_putc
 .text.serial_writable
                0x00003e98       0x2c /usr/lib/openmono/mono/mbedlib.a(serial_api.o)
                0x00003e98                serial_writable
 .text.serial_usbuart_try_enumeration
                0x00003ec4       0x44 /usr/lib/openmono/mono/mbedlib.a(serial_usb_api.o)
                0x00003ec4                serial_usbuart_try_enumeration
 .text.serial_usbuart_init_cdc
                0x00003f08       0xd4 /usr/lib/openmono/mono/mbedlib.a(serial_usb_api.o)
                0x00003f08                serial_usbuart_init_cdc
 .text.serial_usbuart_is_started
                0x00003fdc       0x18 /usr/lib/openmono/mono/mbedlib.a(serial_usb_api.o)
                0x00003fdc                serial_usbuart_is_started
 .text.serial_usbuart_stopped
                0x00003ff4       0x20 /usr/lib/openmono/mono/mbedlib.a(serial_usb_api.o)
                0x00003ff4                serial_usbuart_stopped
 .text.serial_usbuart_dtr
                0x00004014       0x34 /usr/lib/openmono/mono/mbedlib.a(serial_usb_api.o)
                0x00004014                serial_usbuart_dtr
 .text.us_ticker_systick_irq_handler
                0x00004048       0x84 /usr/lib/openmono/mono/mbedlib.a(us_ticker.o)
                0x00004048                us_ticker_systick_irq_handler
 .text.us_ticker_init
                0x000040cc       0x40 /usr/lib/openmono/mono/mbedlib.a(us_ticker.o)
                0x000040cc                us_ticker_init
 .text.us_ticker_read
                0x0000410c       0x54 /usr/lib/openmono/mono/mbedlib.a(us_ticker.o)
                0x0000410c                us_ticker_read
 .text.us_ticker_set_interrupt
                0x00004160       0xc4 /usr/lib/openmono/mono/mbedlib.a(us_ticker.o)
                0x00004160                us_ticker_set_interrupt
 .text.us_ticker_disable_interrupt
                0x00004224       0x1c /usr/lib/openmono/mono/mbedlib.a(us_ticker.o)
                0x00004224                us_ticker_disable_interrupt
 .text.us_ticker_clear_interrupt
                0x00004240        0xc /usr/lib/openmono/mono/mbedlib.a(us_ticker.o)
                0x00004240                us_ticker_clear_interrupt
 .text.get_us_ticker_data
                0x0000424c       0x14 /usr/lib/openmono/mono/mbedlib.a(us_ticker_api.o)
                0x0000424c                get_us_ticker_data
 .text.us_ticker_irq_handler
                0x00004260       0x14 /usr/lib/openmono/mono/mbedlib.a(us_ticker_api.o)
                0x00004260                us_ticker_irq_handler
 .text.ticker_set_handler
                0x00004274       0x24 /usr/lib/openmono/mono/mbedlib.a(ticker_api.o)
                0x00004274                ticker_set_handler
 .text.ticker_irq_handler
                0x00004298       0x84 /usr/lib/openmono/mono/mbedlib.a(ticker_api.o)
                0x00004298                ticker_irq_handler
 .text.ticker_insert_event
                0x0000431c       0x7c /usr/lib/openmono/mono/mbedlib.a(ticker_api.o)
                0x0000431c                ticker_insert_event
 .text.ticker_remove_event
                0x00004398       0x80 /usr/lib/openmono/mono/mbedlib.a(ticker_api.o)
                0x00004398                ticker_remove_event
 .text.ticker_read
                0x00004418       0x1c /usr/lib/openmono/mono/mbedlib.a(ticker_api.o)
                0x00004418                ticker_read
 .text._ZN4mbed10SerialBaseD2Ev
                0x00004434       0x28 build/app_controller.o
                0x00004434                mbed::SerialBase::~SerialBase()
                0x00004434                mbed::SerialBase::~SerialBase()
 .text._ZN4mbed10SerialBaseD0Ev
                0x0000445c       0x20 build/app_controller.o
                0x0000445c                mbed::SerialBase::~SerialBase()
 .text._ZN4mono12IApplicationC2Ev
                0x0000447c       0x20 build/app_controller.o
                0x0000447c                mono::IApplication::IApplication()
                0x0000447c                mono::IApplication::IApplication()
 .text._ZN13AppControllerC2Ev
                0x0000449c       0x34 build/app_controller.o
                0x0000449c                AppController::AppController()
                0x0000449c                AppController::AppController()
 .text._ZN13AppController17monoWakeFromResetEv
                0x000044d0       0x14 build/app_controller.o
                0x000044d0                AppController::monoWakeFromReset()
 .text._ZN13AppController17monoWillGotoSleepEv
                0x000044e4       0x14 build/app_controller.o
                0x000044e4                AppController::monoWillGotoSleep()
 .text._ZN13AppController17monoWakeFromSleepEv
                0x000044f8       0x14 build/app_controller.o
                0x000044f8                AppController::monoWakeFromSleep()
 .text._ZN4mbed6SerialD2Ev
                0x0000450c       0x60 build/app_controller.o
                0x0000450c                mbed::Serial::~Serial()
                0x0000450c                mbed::Serial::~Serial()
                0x0000455c                non-virtual thunk to mbed::Serial::~Serial()
                0x00004564                non-virtual thunk to mbed::Serial::~Serial()
 .text._ZN4mbed6SerialD0Ev
                0x0000456c       0x30 build/app_controller.o
                0x0000456c                mbed::Serial::~Serial()
                0x0000458c                non-virtual thunk to mbed::Serial::~Serial()
                0x00004594                non-virtual thunk to mbed::Serial::~Serial()
 .text._ZN4mono2io6SerialD2Ev
                0x0000459c       0x54 build/app_controller.o
                0x0000459c                mono::io::Serial::~Serial()
                0x0000459c                mono::io::Serial::~Serial()
                0x000045e0                non-virtual thunk to mono::io::Serial::~Serial()
                0x000045e8                non-virtual thunk to mono::io::Serial::~Serial()
 .text._ZN4mono2io6SerialD0Ev
                0x000045f0       0x30 build/app_controller.o
                0x000045f0                mono::io::Serial::~Serial()
                0x00004610                non-virtual thunk to mono::io::Serial::~Serial()
                0x00004618                non-virtual thunk to mono::io::Serial::~Serial()
 .text._Z41__static_initialization_and_destruction_0ii
                0x00004620      0x164 build/app_controller.o
 .text._GLOBAL__sub_I__ZN13AppControllerC2Ev
                0x00004784       0x10 build/app_controller.o
 .text._ZN4mono12IApplication12enterRunLoopEv
                0x00004794       0x28 build/mono_default_main.o
                0x00004794                mono::IApplication::enterRunLoop()
 .text._ZN13AppControllerD2Ev
                0x000047bc       0x28 build/mono_default_main.o
                0x000047bc                AppController::~AppController()
                0x000047bc                AppController::~AppController()
 .text.main     0x000047e4       0x44 build/mono_default_main.o
                0x000047e4                main
 .text._Z41__static_initialization_and_destruction_0ii
                0x00004828      0x164 build/mono_default_main.o
 .text._GLOBAL__sub_I_mono_default_main.cpp
                0x0000498c       0x10 build/mono_default_main.o
 .text.__aeabi_atexit
                0x0000499c        0xa /usr/lib/openmono/gcc-arm-none-eabi-5_2-2015q4/bin/../lib/gcc/arm-none-eabi/5.2.1/../../../../arm-none-eabi/lib/armv7-m/libstdc++_nano.a(atexit_arm.o)
                0x0000499c                __aeabi_atexit
 .text._ZdlPv   0x000049a6        0x4 /usr/lib/openmono/gcc-arm-none-eabi-5_2-2015q4/bin/../lib/gcc/arm-none-eabi/5.2.1/../../../../arm-none-eabi/lib/armv7-m/libstdc++_nano.a(del_op.o)
                0x000049a6                operator delete(void*)
 .text._Znwj    0x000049aa       0x22 /usr/lib/openmono/gcc-arm-none-eabi-5_2-2015q4/bin/../lib/gcc/arm-none-eabi/5.2.1/../../../../arm-none-eabi/lib/armv7-m/libstdc++_nano.a(new_op.o)
                0x000049aa                operator new(unsigned int)
 .text.__cxa_pure_virtual
                0x000049cc       0x14 /usr/lib/openmono/gcc-arm-none-eabi-5_2-2015q4/bin/../lib/gcc/arm-none-eabi/5.2.1/../../../../arm-none-eabi/lib/armv7-m/libstdc++_nano.a(pure.o)
                0x000049cc                __cxa_pure_virtual
 .text._ZSt15get_new_handlerv
                0x000049e0       0x10 /usr/lib/openmono/gcc-arm-none-eabi-5_2-2015q4/bin/../lib/gcc/arm-none-eabi/5.2.1/../../../../arm-none-eabi/lib/armv7-m/libstdc++_nano.a(new_handler.o)
                0x000049e0                std::get_new_handler()
 .text._ZN10__cxxabiv111__terminateEPFvvE
                0x000049f0        0x8 /usr/lib/openmono/gcc-arm-none-eabi-5_2-2015q4/bin/../lib/gcc/arm-none-eabi/5.2.1/../../../../arm-none-eabi/lib/armv7-m/libstdc++_nano.a(eh_terminate.o)
                0x000049f0                __cxxabiv1::__terminate(void (*)())
 .text._ZSt13get_terminatev
                0x000049f8       0x10 /usr/lib/openmono/gcc-arm-none-eabi-5_2-2015q4/bin/../lib/gcc/arm-none-eabi/5.2.1/../../../../arm-none-eabi/lib/armv7-m/libstdc++_nano.a(eh_terminate.o)
                0x000049f8                std::get_terminate()
 .text._ZSt9terminatev
                0x00004a08        0xa /usr/lib/openmono/gcc-arm-none-eabi-5_2-2015q4/bin/../lib/gcc/arm-none-eabi/5.2.1/../../../../arm-none-eabi/lib/armv7-m/libstdc++_nano.a(eh_terminate.o)
                0x00004a08                std::terminate()
 *fill*         0x00004a12        0x2 
 .text._ZN9__gnu_cxx27__verbose_terminate_handlerEv
                0x00004a14       0x9c /usr/lib/openmono/gcc-arm-none-eabi-5_2-2015q4/bin/../lib/gcc/arm-none-eabi/5.2.1/../../../../arm-none-eabi/lib/armv7-m/libstdc++_nano.a(vterminate.o)
                0x00004a14                __gnu_cxx::__verbose_terminate_handler()
 .text          0x00004ab0     0x82b0 /usr/lib/openmono/gcc-arm-none-eabi-5_2-2015q4/bin/../lib/gcc/arm-none-eabi/5.2.1/../../../../arm-none-eabi/lib/armv7-m/libstdc++_nano.a(cp-demangle.o)
                0x0000cc80                __cxa_demangle
                0x0000cd3c                __gcclibcxx_demangle_callback
 .text.__cxa_current_exception_type
                0x0000cd60       0x1a /usr/lib/openmono/gcc-arm-none-eabi-5_2-2015q4/bin/../lib/gcc/arm-none-eabi/5.2.1/../../../../arm-none-eabi/lib/armv7-m/libstdc++_nano.a(eh_type.o)
                0x0000cd60                __cxa_current_exception_type
 *fill*         0x0000cd7a        0x2 
 .text.__cxa_get_globals
                0x0000cd7c        0x8 /usr/lib/openmono/gcc-arm-none-eabi-5_2-2015q4/bin/../lib/gcc/arm-none-eabi/5.2.1/../../../../arm-none-eabi/lib/armv7-m/libstdc++_nano.a(eh_globals.o)
                0x0000cd7c                __cxa_get_globals
 .text.abort    0x0000cd84        0xe /usr/lib/openmono/gcc-arm-none-eabi-5_2-2015q4/bin/../lib/gcc/arm-none-eabi/5.2.1/../../../../arm-none-eabi/lib/armv7-m/libc_nano.a(lib_a-abort.o)
                0x0000cd84                abort
 *fill*         0x0000cd92        0x2 
 .text.__cxa_atexit
                0x0000cd94       0x1c /usr/lib/openmono/gcc-arm-none-eabi-5_2-2015q4/bin/../lib/gcc/arm-none-eabi/5.2.1/../../../../arm-none-eabi/lib/armv7-m/libc_nano.a(lib_a-cxa_atexit.o)
                0x0000cd94                __cxa_atexit
 .text.__errno  0x0000cdb0        0xc /usr/lib/openmono/gcc-arm-none-eabi-5_2-2015q4/bin/../lib/gcc/arm-none-eabi/5.2.1/../../../../arm-none-eabi/lib/armv7-m/libc_nano.a(lib_a-errno.o)
                0x0000cdb0                __errno
 .text.__sflush_r
                0x0000cdbc      0x10c /usr/lib/openmono/gcc-arm-none-eabi-5_2-2015q4/bin/../lib/gcc/arm-none-eabi/5.2.1/../../../../arm-none-eabi/lib/armv7-m/libc_nano.a(lib_a-fflush.o)
                0x0000cdbc                __sflush_r
 .text._fflush_r
                0x0000cec8       0x54 /usr/lib/openmono/gcc-arm-none-eabi-5_2-2015q4/bin/../lib/gcc/arm-none-eabi/5.2.1/../../../../arm-none-eabi/lib/armv7-m/libc_nano.a(lib_a-fflush.o)
                0x0000cec8                _fflush_r
 .text.fflush   0x0000cf1c       0x24 /usr/lib/openmono/gcc-arm-none-eabi-5_2-2015q4/bin/../lib/gcc/arm-none-eabi/5.2.1/../../../../arm-none-eabi/lib/armv7-m/libc_nano.a(lib_a-fflush.o)
                0x0000cf1c                fflush
 .text._cleanup_r
                0x0000cf40        0xc /usr/lib/openmono/gcc-arm-none-eabi-5_2-2015q4/bin/../lib/gcc/arm-none-eabi/5.2.1/../../../../arm-none-eabi/lib/armv7-m/libc_nano.a(lib_a-findfp.o)
                0x0000cf40                _cleanup_r
 .text.std.isra.0
                0x0000cf4c       0x48 /usr/lib/openmono/gcc-arm-none-eabi-5_2-2015q4/bin/../lib/gcc/arm-none-eabi/5.2.1/../../../../arm-none-eabi/lib/armv7-m/libc_nano.a(lib_a-findfp.o)
 .text.__sfmoreglue
                0x0000cf94       0x2c /usr/lib/openmono/gcc-arm-none-eabi-5_2-2015q4/bin/../lib/gcc/arm-none-eabi/5.2.1/../../../../arm-none-eabi/lib/armv7-m/libc_nano.a(lib_a-findfp.o)
                0x0000cf94                __sfmoreglue
 .text.__sinit  0x0000cfc0       0x60 /usr/lib/openmono/gcc-arm-none-eabi-5_2-2015q4/bin/../lib/gcc/arm-none-eabi/5.2.1/../../../../arm-none-eabi/lib/armv7-m/libc_nano.a(lib_a-findfp.o)
                0x0000cfc0                __sinit
 .text.__sfp    0x0000d020       0x78 /usr/lib/openmono/gcc-arm-none-eabi-5_2-2015q4/bin/../lib/gcc/arm-none-eabi/5.2.1/../../../../arm-none-eabi/lib/armv7-m/libc_nano.a(lib_a-findfp.o)
                0x0000d020                __sfp
 .text.__sfp_lock_acquire
                0x0000d098        0x2 /usr/lib/openmono/gcc-arm-none-eabi-5_2-2015q4/bin/../lib/gcc/arm-none-eabi/5.2.1/../../../../arm-none-eabi/lib/armv7-m/libc_nano.a(lib_a-findfp.o)
                0x0000d098                __sfp_lock_acquire
 .text.__sfp_lock_release
                0x0000d09a        0x2 /usr/lib/openmono/gcc-arm-none-eabi-5_2-2015q4/bin/../lib/gcc/arm-none-eabi/5.2.1/../../../../arm-none-eabi/lib/armv7-m/libc_nano.a(lib_a-findfp.o)
                0x0000d09a                __sfp_lock_release
 .text._fputs_r
                0x0000d09c       0xa8 /usr/lib/openmono/gcc-arm-none-eabi-5_2-2015q4/bin/../lib/gcc/arm-none-eabi/5.2.1/../../../../arm-none-eabi/lib/armv7-m/libc_nano.a(lib_a-fputs.o)
                0x0000d09c                _fputs_r
 .text.fputs    0x0000d144       0x10 /usr/lib/openmono/gcc-arm-none-eabi-5_2-2015q4/bin/../lib/gcc/arm-none-eabi/5.2.1/../../../../arm-none-eabi/lib/armv7-m/libc_nano.a(lib_a-fputs.o)
                0x0000d144                fputs
 .text._fwalk_reent
                0x0000d154       0x3c /usr/lib/openmono/gcc-arm-none-eabi-5_2-2015q4/bin/../lib/gcc/arm-none-eabi/5.2.1/../../../../arm-none-eabi/lib/armv7-m/libc_nano.a(lib_a-fwalk.o)
                0x0000d154                _fwalk_reent
 .text.__libc_init_array
                0x0000d190       0x4c /usr/lib/openmono/gcc-arm-none-eabi-5_2-2015q4/bin/../lib/gcc/arm-none-eabi/5.2.1/../../../../arm-none-eabi/lib/armv7-m/libc_nano.a(lib_a-init.o)
                0x0000d190                __libc_init_array
 .text.malloc   0x0000d1dc       0x10 /usr/lib/openmono/gcc-arm-none-eabi-5_2-2015q4/bin/../lib/gcc/arm-none-eabi/5.2.1/../../../../arm-none-eabi/lib/armv7-m/libc_nano.a(lib_a-malloc.o)
                0x0000d1dc                malloc
 .text.free     0x0000d1ec       0x10 /usr/lib/openmono/gcc-arm-none-eabi-5_2-2015q4/bin/../lib/gcc/arm-none-eabi/5.2.1/../../../../arm-none-eabi/lib/armv7-m/libc_nano.a(lib_a-malloc.o)
                0x0000d1ec                free
 .text.memchr   0x0000d1fc       0x1c /usr/lib/openmono/gcc-arm-none-eabi-5_2-2015q4/bin/../lib/gcc/arm-none-eabi/5.2.1/../../../../arm-none-eabi/lib/armv7-m/libc_nano.a(lib_a-memchr-stub.o)
                0x0000d1fc                memchr
 .text.memcmp   0x0000d218       0x1e /usr/lib/openmono/gcc-arm-none-eabi-5_2-2015q4/bin/../lib/gcc/arm-none-eabi/5.2.1/../../../../arm-none-eabi/lib/armv7-m/libc_nano.a(lib_a-memcmp.o)
                0x0000d218                memcmp
 .text.memcpy   0x0000d236       0x16 /usr/lib/openmono/gcc-arm-none-eabi-5_2-2015q4/bin/../lib/gcc/arm-none-eabi/5.2.1/../../../../arm-none-eabi/lib/armv7-m/libc_nano.a(lib_a-memcpy-stub.o)
                0x0000d236                memcpy
 .text.memset   0x0000d24c       0x10 /usr/lib/openmono/gcc-arm-none-eabi-5_2-2015q4/bin/../lib/gcc/arm-none-eabi/5.2.1/../../../../arm-none-eabi/lib/armv7-m/libc_nano.a(lib_a-memset.o)
                0x0000d24c                memset
 .text._free_r  0x0000d25c       0x88 /usr/lib/openmono/gcc-arm-none-eabi-5_2-2015q4/bin/../lib/gcc/arm-none-eabi/5.2.1/../../../../arm-none-eabi/lib/armv7-m/libc_nano.a(lib_a-nano-freer.o)
                0x0000d25c                _free_r
 .text._malloc_r
                0x0000d2e4       0xa8 /usr/lib/openmono/gcc-arm-none-eabi-5_2-2015q4/bin/../lib/gcc/arm-none-eabi/5.2.1/../../../../arm-none-eabi/lib/armv7-m/libc_nano.a(lib_a-nano-mallocr.o)
                0x0000d2e4                _malloc_r
 .text.realloc  0x0000d38c       0x10 /usr/lib/openmono/gcc-arm-none-eabi-5_2-2015q4/bin/../lib/gcc/arm-none-eabi/5.2.1/../../../../arm-none-eabi/lib/armv7-m/libc_nano.a(lib_a-realloc.o)
                0x0000d38c                realloc
 .text._sbrk_r  0x0000d39c       0x20 /usr/lib/openmono/gcc-arm-none-eabi-5_2-2015q4/bin/../lib/gcc/arm-none-eabi/5.2.1/../../../../arm-none-eabi/lib/armv7-m/libc_nano.a(lib_a-sbrkr.o)
                0x0000d39c                _sbrk_r
 .text.setbuf   0x0000d3bc       0x10 /usr/lib/openmono/gcc-arm-none-eabi-5_2-2015q4/bin/../lib/gcc/arm-none-eabi/5.2.1/../../../../arm-none-eabi/lib/armv7-m/libc_nano.a(lib_a-setbuf.o)
                0x0000d3bc                setbuf
 .text.setvbuf  0x0000d3cc      0x110 /usr/lib/openmono/gcc-arm-none-eabi-5_2-2015q4/bin/../lib/gcc/arm-none-eabi/5.2.1/../../../../arm-none-eabi/lib/armv7-m/libc_nano.a(lib_a-setvbuf.o)
                0x0000d3cc                setvbuf
 .text._raise_r
                0x0000d4dc       0x54 /usr/lib/openmono/gcc-arm-none-eabi-5_2-2015q4/bin/../lib/gcc/arm-none-eabi/5.2.1/../../../../arm-none-eabi/lib/armv7-m/libc_nano.a(lib_a-signal.o)
                0x0000d4dc                _raise_r
 .text.raise    0x0000d530       0x10 /usr/lib/openmono/gcc-arm-none-eabi-5_2-2015q4/bin/../lib/gcc/arm-none-eabi/5.2.1/../../../../arm-none-eabi/lib/armv7-m/libc_nano.a(lib_a-signal.o)
                0x0000d530                raise
 .text._kill_r  0x0000d540       0x24 /usr/lib/openmono/gcc-arm-none-eabi-5_2-2015q4/bin/../lib/gcc/arm-none-eabi/5.2.1/../../../../arm-none-eabi/lib/armv7-m/libc_nano.a(lib_a-signalr.o)
                0x0000d540                _kill_r
 .text._getpid_r
                0x0000d564        0x4 /usr/lib/openmono/gcc-arm-none-eabi-5_2-2015q4/bin/../lib/gcc/arm-none-eabi/5.2.1/../../../../arm-none-eabi/lib/armv7-m/libc_nano.a(lib_a-signalr.o)
                0x0000d564                _getpid_r
 .text.sprintf  0x0000d568       0x48 /usr/lib/openmono/gcc-arm-none-eabi-5_2-2015q4/bin/../lib/gcc/arm-none-eabi/5.2.1/../../../../arm-none-eabi/lib/armv7-m/libc_nano.a(lib_a-sprintf.o)
                0x0000d568                sprintf
                0x0000d568                siprintf
 .text.sscanf   0x0000d5b0       0x54 /usr/lib/openmono/gcc-arm-none-eabi-5_2-2015q4/bin/../lib/gcc/arm-none-eabi/5.2.1/../../../../arm-none-eabi/lib/armv7-m/libc_nano.a(lib_a-sscanf.o)
                0x0000d5b0                sscanf
                0x0000d5b0                siscanf
 .text.__sread  0x0000d604       0x22 /usr/lib/openmono/gcc-arm-none-eabi-5_2-2015q4/bin/../lib/gcc/arm-none-eabi/5.2.1/../../../../arm-none-eabi/lib/armv7-m/libc_nano.a(lib_a-stdio.o)
                0x0000d604                __sread
 .text.__seofread
                0x0000d626        0x4 /usr/lib/openmono/gcc-arm-none-eabi-5_2-2015q4/bin/../lib/gcc/arm-none-eabi/5.2.1/../../../../arm-none-eabi/lib/armv7-m/libc_nano.a(lib_a-stdio.o)
                0x0000d626                __seofread
 .text.__swrite
                0x0000d62a       0x38 /usr/lib/openmono/gcc-arm-none-eabi-5_2-2015q4/bin/../lib/gcc/arm-none-eabi/5.2.1/../../../../arm-none-eabi/lib/armv7-m/libc_nano.a(lib_a-stdio.o)
                0x0000d62a                __swrite
 .text.__sseek  0x0000d662       0x24 /usr/lib/openmono/gcc-arm-none-eabi-5_2-2015q4/bin/../lib/gcc/arm-none-eabi/5.2.1/../../../../arm-none-eabi/lib/armv7-m/libc_nano.a(lib_a-stdio.o)
                0x0000d662                __sseek
 .text.__sclose
                0x0000d686        0x8 /usr/lib/openmono/gcc-arm-none-eabi-5_2-2015q4/bin/../lib/gcc/arm-none-eabi/5.2.1/../../../../arm-none-eabi/lib/armv7-m/libc_nano.a(lib_a-stdio.o)
                0x0000d686                __sclose
 .text          0x0000d68e       0x14 /usr/lib/openmono/gcc-arm-none-eabi-5_2-2015q4/bin/../lib/gcc/arm-none-eabi/5.2.1/../../../../arm-none-eabi/lib/armv7-m/libc_nano.a(lib_a-strcmp.o)
                0x0000d68e                strcmp
 .text          0x0000d6a2       0x10 /usr/lib/openmono/gcc-arm-none-eabi-5_2-2015q4/bin/../lib/gcc/arm-none-eabi/5.2.1/../../../../arm-none-eabi/lib/armv7-m/libc_nano.a(lib_a-strlen.o)
                0x0000d6a2                strlen
 .text.strncmp  0x0000d6b2       0x2a /usr/lib/openmono/gcc-arm-none-eabi-5_2-2015q4/bin/../lib/gcc/arm-none-eabi/5.2.1/../../../../arm-none-eabi/lib/armv7-m/libc_nano.a(lib_a-strncmp.o)
                0x0000d6b2                strncmp
 .text.write    0x0000d6dc       0x14 /usr/lib/openmono/gcc-arm-none-eabi-5_2-2015q4/bin/../lib/gcc/arm-none-eabi/5.2.1/../../../../arm-none-eabi/lib/armv7-m/libc_nano.a(lib_a-syswrite.o)
                0x0000d6dc                write
 .text.__swbuf_r
                0x0000d6f0       0xa8 /usr/lib/openmono/gcc-arm-none-eabi-5_2-2015q4/bin/../lib/gcc/arm-none-eabi/5.2.1/../../../../arm-none-eabi/lib/armv7-m/libc_nano.a(lib_a-wbuf.o)
                0x0000d6f0                __swbuf_r
 .text._write_r
                0x0000d798       0x24 /usr/lib/openmono/gcc-arm-none-eabi-5_2-2015q4/bin/../lib/gcc/arm-none-eabi/5.2.1/../../../../arm-none-eabi/lib/armv7-m/libc_nano.a(lib_a-writer.o)
                0x0000d798                _write_r
 .text.__swsetup_r
                0x0000d7bc       0xd8 /usr/lib/openmono/gcc-arm-none-eabi-5_2-2015q4/bin/../lib/gcc/arm-none-eabi/5.2.1/../../../../arm-none-eabi/lib/armv7-m/libc_nano.a(lib_a-wsetup.o)
                0x0000d7bc                __swsetup_r
 .text._close_r
                0x0000d894       0x20 /usr/lib/openmono/gcc-arm-none-eabi-5_2-2015q4/bin/../lib/gcc/arm-none-eabi/5.2.1/../../../../arm-none-eabi/lib/armv7-m/libc_nano.a(lib_a-closer.o)
                0x0000d894                _close_r
 .text._lseek_r
                0x0000d8b4       0x24 /usr/lib/openmono/gcc-arm-none-eabi-5_2-2015q4/bin/../lib/gcc/arm-none-eabi/5.2.1/../../../../arm-none-eabi/lib/armv7-m/libc_nano.a(lib_a-lseekr.o)
                0x0000d8b4                _lseek_r
 .text.__smakebuf_r
                0x0000d8d8       0x98 /usr/lib/openmono/gcc-arm-none-eabi-5_2-2015q4/bin/../lib/gcc/arm-none-eabi/5.2.1/../../../../arm-none-eabi/lib/armv7-m/libc_nano.a(lib_a-makebuf.o)
                0x0000d8d8                __smakebuf_r
 .text._realloc_r
                0x0000d970       0x4c /usr/lib/openmono/gcc-arm-none-eabi-5_2-2015q4/bin/../lib/gcc/arm-none-eabi/5.2.1/../../../../arm-none-eabi/lib/armv7-m/libc_nano.a(lib_a-nano-reallocr.o)
                0x0000d970                _realloc_r
 .text.__ssputs_r
                0x0000d9bc       0xb2 /usr/lib/openmono/gcc-arm-none-eabi-5_2-2015q4/bin/../lib/gcc/arm-none-eabi/5.2.1/../../../../arm-none-eabi/lib/armv7-m/libc_nano.a(lib_a-nano-svfprintf.o)
                0x0000d9bc                __ssputs_r
 *fill*         0x0000da6e        0x2 
 .text._svfprintf_r
                0x0000da70      0x1e8 /usr/lib/openmono/gcc-arm-none-eabi-5_2-2015q4/bin/../lib/gcc/arm-none-eabi/5.2.1/../../../../arm-none-eabi/lib/armv7-m/libc_nano.a(lib_a-nano-svfprintf.o)
                0x0000da70                _svfprintf_r
                0x0000da70                _svfiprintf_r
 .text._sungetc_r
                0x0000dc58       0x7c /usr/lib/openmono/gcc-arm-none-eabi-5_2-2015q4/bin/../lib/gcc/arm-none-eabi/5.2.1/../../../../arm-none-eabi/lib/armv7-m/libc_nano.a(lib_a-nano-svfscanf.o)
                0x0000dc58                _sungetc_r
 .text.__ssrefill_r
                0x0000dcd4       0x3a /usr/lib/openmono/gcc-arm-none-eabi-5_2-2015q4/bin/../lib/gcc/arm-none-eabi/5.2.1/../../../../arm-none-eabi/lib/armv7-m/libc_nano.a(lib_a-nano-svfscanf.o)
                0x0000dcd4                __ssrefill_r
 *fill*         0x0000dd0e        0x2 
 .text.__ssvfscanf_r
                0x0000dd10      0x29c /usr/lib/openmono/gcc-arm-none-eabi-5_2-2015q4/bin/../lib/gcc/arm-none-eabi/5.2.1/../../../../arm-none-eabi/lib/armv7-m/libc_nano.a(lib_a-nano-svfscanf.o)
                0x0000dd10                __ssvfscanf_r
                0x0000dd10                __ssvfiscanf_r
 .text._printf_common
                0x0000dfac       0xec /usr/lib/openmono/gcc-arm-none-eabi-5_2-2015q4/bin/../lib/gcc/arm-none-eabi/5.2.1/../../../../arm-none-eabi/lib/armv7-m/libc_nano.a(lib_a-nano-vfprintf_i.o)
                0x0000dfac                _printf_common
 .text._printf_i
                0x0000e098      0x24c /usr/lib/openmono/gcc-arm-none-eabi-5_2-2015q4/bin/../lib/gcc/arm-none-eabi/5.2.1/../../../../arm-none-eabi/lib/armv7-m/libc_nano.a(lib_a-nano-vfprintf_i.o)
                0x0000e098                _printf_i
 .text._scanf_chars
                0x0000e2e4       0xcc /usr/lib/openmono/gcc-arm-none-eabi-5_2-2015q4/bin/../lib/gcc/arm-none-eabi/5.2.1/../../../../arm-none-eabi/lib/armv7-m/libc_nano.a(lib_a-nano-vfscanf_i.o)
                0x0000e2e4                _scanf_chars
 .text._scanf_i
                0x0000e3b0      0x1e4 /usr/lib/openmono/gcc-arm-none-eabi-5_2-2015q4/bin/../lib/gcc/arm-none-eabi/5.2.1/../../../../arm-none-eabi/lib/armv7-m/libc_nano.a(lib_a-nano-vfscanf_i.o)
                0x0000e3b0                _scanf_i
 .text._read_r  0x0000e594       0x24 /usr/lib/openmono/gcc-arm-none-eabi-5_2-2015q4/bin/../lib/gcc/arm-none-eabi/5.2.1/../../../../arm-none-eabi/lib/armv7-m/libc_nano.a(lib_a-readr.o)
                0x0000e594                _read_r
 .text.__sccl   0x0000e5b8       0x60 /usr/lib/openmono/gcc-arm-none-eabi-5_2-2015q4/bin/../lib/gcc/arm-none-eabi/5.2.1/../../../../arm-none-eabi/lib/armv7-m/libc_nano.a(lib_a-sccl.o)
                0x0000e5b8                __sccl
 .text._strtol_r
                0x0000e618      0x10c /usr/lib/openmono/gcc-arm-none-eabi-5_2-2015q4/bin/../lib/gcc/arm-none-eabi/5.2.1/../../../../arm-none-eabi/lib/armv7-m/libc_nano.a(lib_a-strtol.o)
                0x0000e618                _strtol_r
 .text._strtoul_r
                0x0000e724       0xfc /usr/lib/openmono/gcc-arm-none-eabi-5_2-2015q4/bin/../lib/gcc/arm-none-eabi/5.2.1/../../../../arm-none-eabi/lib/armv7-m/libc_nano.a(lib_a-strtoul.o)
                0x0000e724                _strtoul_r
 .text.__submore
                0x0000e820       0x72 /usr/lib/openmono/gcc-arm-none-eabi-5_2-2015q4/bin/../lib/gcc/arm-none-eabi/5.2.1/../../../../arm-none-eabi/lib/armv7-m/libc_nano.a(lib_a-ungetc.o)
                0x0000e820                __submore
 *fill*         0x0000e892        0x2 
 .text._fstat_r
                0x0000e894       0x24 /usr/lib/openmono/gcc-arm-none-eabi-5_2-2015q4/bin/../lib/gcc/arm-none-eabi/5.2.1/../../../../arm-none-eabi/lib/armv7-m/libc_nano.a(lib_a-fstatr.o)
                0x0000e894                _fstat_r
 .text._isatty_r
                0x0000e8b8       0x20 /usr/lib/openmono/gcc-arm-none-eabi-5_2-2015q4/bin/../lib/gcc/arm-none-eabi/5.2.1/../../../../arm-none-eabi/lib/armv7-m/libc_nano.a(lib_a-isattyr.o)
                0x0000e8b8                _isatty_r
 .text.memmove  0x0000e8d8       0x36 /usr/lib/openmono/gcc-arm-none-eabi-5_2-2015q4/bin/../lib/gcc/arm-none-eabi/5.2.1/../../../../arm-none-eabi/lib/armv7-m/libc_nano.a(lib_a-memmove.o)
                0x0000e8d8                memmove
 .text._malloc_usable_size_r
                0x0000e90e       0x14 /usr/lib/openmono/gcc-arm-none-eabi-5_2-2015q4/bin/../lib/gcc/arm-none-eabi/5.2.1/../../../../arm-none-eabi/lib/armv7-m/libc_nano.a(lib_a-nano-msizer.o)
                0x0000e90e                _malloc_usable_size_r
 *fill*         0x0000e922        0x2 
 .text          0x0000e924       0x30 /usr/lib/openmono/gcc-arm-none-eabi-5_2-2015q4/bin/../lib/gcc/arm-none-eabi/5.2.1/armv7-m/libgcc.a(_aeabi_uldivmod.o)
                0x0000e924                __aeabi_uldivmod
 .text          0x0000e954      0x2ec /usr/lib/openmono/gcc-arm-none-eabi-5_2-2015q4/bin/../lib/gcc/arm-none-eabi/5.2.1/armv7-m/libgcc.a(_udivmoddi4.o)
                0x0000e954                __udivmoddi4
 .text          0x0000ec40        0x4 /usr/lib/openmono/gcc-arm-none-eabi-5_2-2015q4/bin/../lib/gcc/arm-none-eabi/5.2.1/armv7-m/libgcc.a(_dvmd_tls.o)
                0x0000ec40                __aeabi_ldiv0
                0x0000ec40                __aeabi_idiv0
 .text._getpid  0x0000ec44       0x10 /usr/lib/openmono/gcc-arm-none-eabi-5_2-2015q4/bin/../lib/gcc/arm-none-eabi/5.2.1/../../../../arm-none-eabi/lib/armv7-m/libnosys.a(getpid.o)
                0x0000ec44                _getpid
 .text._kill    0x0000ec54       0x10 /usr/lib/openmono/gcc-arm-none-eabi-5_2-2015q4/bin/../lib/gcc/arm-none-eabi/5.2.1/../../../../arm-none-eabi/lib/armv7-m/libnosys.a(kill.o)
                0x0000ec54                _kill
 .text.PWM_Enable
                0x0000ec64       0x10 /usr/lib/openmono/mono/monoCyLib.a(PWM.o)
                0x0000ec64                PWM_Enable
 .text.PWM_Stop
                0x0000ec74       0x10 /usr/lib/openmono/mono/monoCyLib.a(PWM.o)
                0x0000ec74                PWM_Stop
 .text.PWM_WriteCounter
                0x0000ec84        0xc /usr/lib/openmono/mono/monoCyLib.a(PWM.o)
                0x0000ec84                PWM_WriteCounter
 .text.PWM_ReadCounter
                0x0000ec90       0x14 /usr/lib/openmono/mono/monoCyLib.a(PWM.o)
                0x0000ec90                PWM_ReadCounter
 .text.PWM_ClearFIFO
                0x0000eca4       0x18 /usr/lib/openmono/mono/monoCyLib.a(PWM.o)
                0x0000eca4                PWM_ClearFIFO
 .text.PWM_Init
                0x0000ecbc       0x50 /usr/lib/openmono/mono/monoCyLib.a(PWM.o)
                0x0000ecbc                PWM_Init
 .text.PWM_Start
                0x0000ed0c       0x1c /usr/lib/openmono/mono/monoCyLib.a(PWM.o)
                0x0000ed0c                PWM_Start
 .text.PWM_WritePeriod
                0x0000ed28        0xc /usr/lib/openmono/mono/monoCyLib.a(PWM.o)
                0x0000ed28                PWM_WritePeriod
 .text.PWM_WriteCompare1
                0x0000ed34        0xc /usr/lib/openmono/mono/monoCyLib.a(PWM.o)
                0x0000ed34                PWM_WriteCompare1
 .text.PWM_WriteCompare2
                0x0000ed40        0xc /usr/lib/openmono/mono/monoCyLib.a(PWM.o)
                0x0000ed40                PWM_WriteCompare2
 .text.PWM_ReadControlRegister
                0x0000ed4c        0xc /usr/lib/openmono/mono/monoCyLib.a(PWM.o)
                0x0000ed4c                PWM_ReadControlRegister
 .text.PWM_WriteControlRegister
                0x0000ed58        0xc /usr/lib/openmono/mono/monoCyLib.a(PWM.o)
                0x0000ed58                PWM_WriteControlRegister
 .text.PWM_ReadCompare1
                0x0000ed64        0xc /usr/lib/openmono/mono/monoCyLib.a(PWM.o)
                0x0000ed64                PWM_ReadCompare1
 .text.PWM_ReadPeriod
                0x0000ed70        0xc /usr/lib/openmono/mono/monoCyLib.a(PWM.o)
                0x0000ed70                PWM_ReadPeriod
 .text.USBUART_Init
                0x0000ed7c      0x13c /usr/lib/openmono/mono/monoCyLib.a(USBUART.o)
                0x0000ed7c                USBUART_Init
 .text.USBUART_InitComponent
                0x0000eeb8       0xa4 /usr/lib/openmono/mono/monoCyLib.a(USBUART.o)
                0x0000eeb8                USBUART_InitComponent
 .text.USBUART_Start
                0x0000ef5c       0x24 /usr/lib/openmono/mono/monoCyLib.a(USBUART.o)
                0x0000ef5c                USBUART_Start
 .text.USBUART_ReInitComponent
                0x0000ef80       0x4c /usr/lib/openmono/mono/monoCyLib.a(USBUART.o)
                0x0000ef80                USBUART_ReInitComponent
 .text.USBUART_Stop
                0x0000efcc       0x90 /usr/lib/openmono/mono/monoCyLib.a(USBUART.o)
                0x0000efcc                USBUART_Stop
 .text.USBUART_GetConfiguration
                0x0000f05c        0xc /usr/lib/openmono/mono/monoCyLib.a(USBUART.o)
                0x0000f05c                USBUART_GetConfiguration
 .text.USBUART_IsConfigurationChanged
                0x0000f068       0x18 /usr/lib/openmono/mono/monoCyLib.a(USBUART.o)
                0x0000f068                USBUART_IsConfigurationChanged
 .text.USBUART_GetEPState
                0x0000f080       0x10 /usr/lib/openmono/mono/monoCyLib.a(USBUART.o)
                0x0000f080                USBUART_GetEPState
 .text.USBUART_GetEPCount
                0x0000f090       0x28 /usr/lib/openmono/mono/monoCyLib.a(USBUART.o)
                0x0000f090                USBUART_GetEPCount
 .text.USBUART_LoadInEP
                0x0000f0b8       0x7c /usr/lib/openmono/mono/monoCyLib.a(USBUART.o)
                0x0000f0b8                USBUART_LoadInEP
 .text.USBUART_EnableOutEP
                0x0000f134       0x28 /usr/lib/openmono/mono/monoCyLib.a(USBUART.o)
                0x0000f134                USBUART_EnableOutEP
 .text.USBUART_ReadOutEP
                0x0000f15c       0x4c /usr/lib/openmono/mono/monoCyLib.a(USBUART.o)
                0x0000f15c                USBUART_ReadOutEP
 .text.USBUART_LoadEP0
                0x0000f1a8       0x8c /usr/lib/openmono/mono/monoCyLib.a(USBUART_drv.o)
                0x0000f1a8                USBUART_LoadEP0
 .text.USBUART_InitZeroLengthControlTransfer
                0x0000f234       0x34 /usr/lib/openmono/mono/monoCyLib.a(USBUART_drv.o)
                0x0000f234                USBUART_InitZeroLengthControlTransfer
 .text.USBUART_ControlWriteDataStage
                0x0000f268       0x78 /usr/lib/openmono/mono/monoCyLib.a(USBUART_drv.o)
                0x0000f268                USBUART_ControlWriteDataStage
 .text.USBUART_InitNoDataControlTransfer
                0x0000f2e0       0x2c /usr/lib/openmono/mono/monoCyLib.a(USBUART_drv.o)
                0x0000f2e0                USBUART_InitNoDataControlTransfer
 .text.USBUART_UpdateStatusBlock
                0x0000f30c       0x20 /usr/lib/openmono/mono/monoCyLib.a(USBUART_drv.o)
                0x0000f30c                USBUART_UpdateStatusBlock
 .text.USBUART_HandleSetup
                0x0000f32c       0x58 /usr/lib/openmono/mono/monoCyLib.a(USBUART_drv.o)
                0x0000f32c                USBUART_HandleSetup
 .text.USBUART_ControlReadStatusStage
                0x0000f384       0x34 /usr/lib/openmono/mono/monoCyLib.a(USBUART_drv.o)
                0x0000f384                USBUART_ControlReadStatusStage
 .text.USBUART_HandleOUT
                0x0000f3b8       0x3c /usr/lib/openmono/mono/monoCyLib.a(USBUART_drv.o)
                0x0000f3b8                USBUART_HandleOUT
 .text.USBUART_ControlWriteStatusStage
                0x0000f3f4       0x20 /usr/lib/openmono/mono/monoCyLib.a(USBUART_drv.o)
                0x0000f3f4                USBUART_ControlWriteStatusStage
 .text.USBUART_NoDataControlStatusStage
                0x0000f414       0x3c /usr/lib/openmono/mono/monoCyLib.a(USBUART_drv.o)
                0x0000f414                USBUART_NoDataControlStatusStage
 .text.USBUART_HandleIN
                0x0000f450       0x24 /usr/lib/openmono/mono/monoCyLib.a(USBUART_drv.o)
                0x0000f450                USBUART_HandleIN
 .text.USBUART_EP_0_ISR
                0x0000f474       0x8c /usr/lib/openmono/mono/monoCyLib.a(USBUART_drv.o)
                0x0000f474                USBUART_EP_0_ISR
 .text.USBUART_InitializeStatusBlock
                0x0000f500       0x20 /usr/lib/openmono/mono/monoCyLib.a(USBUART_drv.o)
                0x0000f500                USBUART_InitializeStatusBlock
 .text.USBUART_InitControlRead
                0x0000f520       0x4c /usr/lib/openmono/mono/monoCyLib.a(USBUART_drv.o)
                0x0000f520                USBUART_InitControlRead
 .text.USBUART_InitControlWrite
                0x0000f56c       0x48 /usr/lib/openmono/mono/monoCyLib.a(USBUART_drv.o)
                0x0000f56c                USBUART_InitControlWrite
 .text.USBUART_HandleVendorRqst
                0x0000f5b4       0x2c /usr/lib/openmono/mono/monoCyLib.a(USBUART_vnd.o)
                0x0000f5b4                USBUART_HandleVendorRqst
 .text.USBUART_DP_ISR
                0x0000f5e0        0x4 /usr/lib/openmono/mono/monoCyLib.a(USBUART_pm.o)
                0x0000f5e0                USBUART_DP_ISR
 .text.USBUART_ReadDieID
                0x0000f5e4       0x6c /usr/lib/openmono/mono/monoCyLib.a(USBUART_std.o)
                0x0000f5e4                USBUART_ReadDieID
 .text.USBUART_ConfigReg
                0x0000f650       0x80 /usr/lib/openmono/mono/monoCyLib.a(USBUART_std.o)
                0x0000f650                USBUART_ConfigReg
 .text.USBUART_GetConfigTablePtr
                0x0000f6d0       0x24 /usr/lib/openmono/mono/monoCyLib.a(USBUART_std.o)
                0x0000f6d0                USBUART_GetConfigTablePtr
 .text.USBUART_ConfigAltChanged
                0x0000f6f4      0x128 /usr/lib/openmono/mono/monoCyLib.a(USBUART_std.o)
                0x0000f6f4                USBUART_ConfigAltChanged
 .text.USBUART_GetInterfaceClassTablePtr
                0x0000f81c       0x20 /usr/lib/openmono/mono/monoCyLib.a(USBUART_std.o)
                0x0000f81c                USBUART_GetInterfaceClassTablePtr
 .text.USBUART_Config
                0x0000f83c      0x174 /usr/lib/openmono/mono/monoCyLib.a(USBUART_std.o)
                0x0000f83c                USBUART_Config
 .text.USBUART_SetEndpointHalt
                0x0000f9b0       0x54 /usr/lib/openmono/mono/monoCyLib.a(USBUART_std.o)
                0x0000f9b0                USBUART_SetEndpointHalt
 .text.USBUART_ClearEndpointHalt
                0x0000fa04       0x70 /usr/lib/openmono/mono/monoCyLib.a(USBUART_std.o)
                0x0000fa04                USBUART_ClearEndpointHalt
 .text.USBUART_ValidateAlternateSetting
                0x0000fa74       0x48 /usr/lib/openmono/mono/monoCyLib.a(USBUART_std.o)
                0x0000fa74                USBUART_ValidateAlternateSetting
 .text.USBUART_HandleStandardRqst
                0x0000fabc      0x274 /usr/lib/openmono/mono/monoCyLib.a(USBUART_std.o)
                0x0000fabc                USBUART_HandleStandardRqst
 .text.USBUART_DispatchClassRqst
                0x0000fd30       0x48 /usr/lib/openmono/mono/monoCyLib.a(USBUART_cls.o)
                0x0000fd30                USBUART_DispatchClassRqst
 .text.USBUART_GetInterfaceComPort
                0x0000fd78       0x30 /usr/lib/openmono/mono/monoCyLib.a(USBUART_cdc.o)
                0x0000fd78                USBUART_GetInterfaceComPort
 .text.USBUART_DispatchCDCClassRqst
                0x0000fda8       0x90 /usr/lib/openmono/mono/monoCyLib.a(USBUART_cdc.o)
                0x0000fda8                USBUART_DispatchCDCClassRqst
 .text.USBUART_CDC_Init
                0x0000fe38       0x70 /usr/lib/openmono/mono/monoCyLib.a(USBUART_cdc.o)
                0x0000fe38                USBUART_CDC_Init
 .text.USBUART_PutData
                0x0000fea8       0x44 /usr/lib/openmono/mono/monoCyLib.a(USBUART_cdc.o)
                0x0000fea8                USBUART_PutData
 .text.USBUART_PutChar
                0x0000feec       0x24 /usr/lib/openmono/mono/monoCyLib.a(USBUART_cdc.o)
                0x0000feec                USBUART_PutChar
 .text.USBUART_GetCount
                0x0000ff10       0x2c /usr/lib/openmono/mono/monoCyLib.a(USBUART_cdc.o)
                0x0000ff10                USBUART_GetCount
 .text.USBUART_DataIsReady
                0x0000ff3c       0x14 /usr/lib/openmono/mono/monoCyLib.a(USBUART_cdc.o)
                0x0000ff3c                USBUART_DataIsReady
 .text.USBUART_CDCIsReady
                0x0000ff50       0x14 /usr/lib/openmono/mono/monoCyLib.a(USBUART_cdc.o)
                0x0000ff50                USBUART_CDCIsReady
 .text.USBUART_GetData
                0x0000ff64       0x1c /usr/lib/openmono/mono/monoCyLib.a(USBUART_cdc.o)
                0x0000ff64                USBUART_GetData
 .text.USBUART_GetAll
                0x0000ff80       0x2c /usr/lib/openmono/mono/monoCyLib.a(USBUART_cdc.o)
                0x0000ff80                USBUART_GetAll
 .text.USBUART_GetChar
                0x0000ffac       0x28 /usr/lib/openmono/mono/monoCyLib.a(USBUART_cdc.o)
                0x0000ffac                USBUART_GetChar
 .text.USBUART_GetLineControl
                0x0000ffd4       0x18 /usr/lib/openmono/mono/monoCyLib.a(USBUART_cdc.o)
                0x0000ffd4                USBUART_GetLineControl
 .text.USBUART_Cdc_EpInit
                0x0000ffec       0x50 /usr/lib/openmono/mono/monoCyLib.a(USBUART_cdc.o)
                0x0000ffec                USBUART_Cdc_EpInit
 .text.USBUART_Dp_ClearInterrupt
                0x0001003c       0x10 /usr/lib/openmono/mono/monoCyLib.a(USBUART_Dp.o)
                0x0001003c                USBUART_Dp_ClearInterrupt
 .text.USBUART_EP_1_ISR
                0x0001004c       0x34 /usr/lib/openmono/mono/monoCyLib.a(USBUART_episr.o)
                0x0001004c                USBUART_EP_1_ISR
 .text.USBUART_EP_2_ISR
                0x00010080       0x38 /usr/lib/openmono/mono/monoCyLib.a(USBUART_episr.o)
                0x00010080                USBUART_EP_2_ISR
 .text.USBUART_EP_3_ISR
                0x000100b8       0x40 /usr/lib/openmono/mono/monoCyLib.a(USBUART_episr.o)
                0x000100b8                USBUART_EP_3_ISR
 .text.USBUART_SOF_ISR
                0x000100f8        0x2 /usr/lib/openmono/mono/monoCyLib.a(USBUART_episr.o)
                0x000100f8                USBUART_SOF_ISR
 .text.USBUART_BUS_RESET_ISR
                0x000100fa        0x4 /usr/lib/openmono/mono/monoCyLib.a(USBUART_episr.o)
                0x000100fa                USBUART_BUS_RESET_ISR
 *fill*         0x000100fe        0x2 
 .text._ZN4mbed6SerialC2E7PinNameS1_PKc
                0x00010100       0x50 /usr/lib/openmono/mono/mbedlib.a(Serial.o)
                0x00010100                mbed::Serial::Serial(PinName, PinName, char const*)
                0x00010100                mbed::Serial::Serial(PinName, PinName, char const*)
 .text._ZN4mbed6Serial5_getcEv
                0x00010150       0x1c /usr/lib/openmono/mono/mbedlib.a(Serial.o)
                0x00010150                mbed::Serial::_getc()
 .text._ZThn64_N4mbed6Serial5_getcEv
                0x0001016c        0x8 /usr/lib/openmono/mono/mbedlib.a(Serial.o)
                0x0001016c                non-virtual thunk to mbed::Serial::_getc()
 .text._ZN4mbed6Serial5_putcEi
                0x00010174       0x20 /usr/lib/openmono/mono/mbedlib.a(Serial.o)
                0x00010174                mbed::Serial::_putc(int)
 .text._ZThn64_N4mbed6Serial5_putcEi
                0x00010194        0x8 /usr/lib/openmono/mono/mbedlib.a(Serial.o)
                0x00010194                non-virtual thunk to mbed::Serial::_putc(int)
 .text._ZN4mbed6StreamC2EPKc
                0x0001019c       0x6c /usr/lib/openmono/mono/mbedlib.a(Stream.o)
                0x0001019c                mbed::Stream::Stream(char const*)
                0x0001019c                mbed::Stream::Stream(char const*)
 .text._ZN4mbed6StreamD2Ev
                0x00010208       0x44 /usr/lib/openmono/mono/mbedlib.a(Stream.o)
                0x00010208                mbed::Stream::~Stream()
                0x00010208                mbed::Stream::~Stream()
 .text._ZN4mbed6Stream5closeEv
                0x0001024c       0x14 /usr/lib/openmono/mono/mbedlib.a(Stream.o)
                0x0001024c                mbed::Stream::close()
 .text._ZN4mbed6Stream5writeEPKvj
                0x00010260       0x5c /usr/lib/openmono/mono/mbedlib.a(Stream.o)
                0x00010260                mbed::Stream::write(void const*, unsigned int)
 .text._ZN4mbed6Stream4readEPvj
                0x000102bc       0x54 /usr/lib/openmono/mono/mbedlib.a(Stream.o)
                0x000102bc                mbed::Stream::read(void*, unsigned int)
 .text._ZN4mbed6Stream5lseekEli
                0x00010310       0x18 /usr/lib/openmono/mono/mbedlib.a(Stream.o)
                0x00010310                mbed::Stream::lseek(long, int)
 .text._ZN4mbed6Stream6isattyEv
                0x00010328       0x14 /usr/lib/openmono/mono/mbedlib.a(Stream.o)
                0x00010328                mbed::Stream::isatty()
 .text._ZN4mbed6Stream5fsyncEv
                0x0001033c       0x14 /usr/lib/openmono/mono/mbedlib.a(Stream.o)
                0x0001033c                mbed::Stream::fsync()
 .text._ZN4mbed6Stream4flenEv
                0x00010350       0x14 /usr/lib/openmono/mono/mbedlib.a(Stream.o)
                0x00010350                mbed::Stream::flen()
 .text._ZN4mbed6Stream6printfEPKcz
                0x00010364       0x3c /usr/lib/openmono/mono/mbedlib.a(Stream.o)
                0x00010364                mbed::Stream::printf(char const*, ...)
 .text._ZN4mbed10SerialBaseC2E7PinNameS1_
                0x000103a0       0x70 /usr/lib/openmono/mono/mbedlib.a(SerialBase.o)
                0x000103a0                mbed::SerialBase::SerialBase(PinName, PinName)
                0x000103a0                mbed::SerialBase::SerialBase(PinName, PinName)
 .text._ZN4mbed10SerialBase9writeableEv
                0x00010410       0x1c /usr/lib/openmono/mono/mbedlib.a(SerialBase.o)
                0x00010410                mbed::SerialBase::writeable()
 .text._ZN4mbed10SerialBase12_irq_handlerEm9SerialIrq
                0x0001042c       0x30 /usr/lib/openmono/mono/mbedlib.a(SerialBase.o)
                0x0001042c                mbed::SerialBase::_irq_handler(unsigned long, SerialIrq)
 .text._ZN4mbed10SerialBase10_base_getcEv
                0x0001045c       0x1c /usr/lib/openmono/mono/mbedlib.a(SerialBase.o)
                0x0001045c                mbed::SerialBase::_base_getc()
 .text._ZN4mbed10SerialBase10_base_putcEi
                0x00010478       0x20 /usr/lib/openmono/mono/mbedlib.a(SerialBase.o)
                0x00010478                mbed::SerialBase::_base_putc(int)
 .text._ZN4mbed19FunctionPointerArg1IvvEC2EPFvvE
                0x00010498       0x1c /usr/lib/openmono/mono/mbedlib.a(SerialBase.o)
                0x00010498                mbed::FunctionPointerArg1<void, void>::FunctionPointerArg1(void (*)())
                0x00010498                mbed::FunctionPointerArg1<void, void>::FunctionPointerArg1(void (*)())
 .text._ZN4mbed19FunctionPointerArg1IvvE6attachEPFvvE
                0x000104b4       0x20 /usr/lib/openmono/mono/mbedlib.a(SerialBase.o)
                0x000104b4                mbed::FunctionPointerArg1<void, void>::attach(void (*)())
 .text._ZN4mbed19FunctionPointerArg1IvvE4callEv
                0x000104d4       0x4c /usr/lib/openmono/mono/mbedlib.a(SerialBase.o)
                0x000104d4                mbed::FunctionPointerArg1<void, void>::call()
 .text._ZN4mbed10FileHandleC2Ev
                0x00010520       0x20 /usr/lib/openmono/mono/mbedlib.a(FileLike.o)
                0x00010520                mbed::FileHandle::FileHandle()
                0x00010520                mbed::FileHandle::FileHandle()
 .text._ZN4mbed8FileLikeC2EPKc
                0x00010540       0x40 /usr/lib/openmono/mono/mbedlib.a(FileLike.o)
                0x00010540                mbed::FileLike::FileLike(char const*)
                0x00010540                mbed::FileLike::FileLike(char const*)
 .text._ZN4mbed8FileLikeD2Ev
                0x00010580       0x44 /usr/lib/openmono/mono/mbedlib.a(FileLike.o)
                0x00010580                mbed::FileLike::~FileLike()
                0x00010580                mbed::FileLike::~FileLike()
 .text.wait_ms  0x000105c4       0x20 /usr/lib/openmono/mono/mbedlib.a(wait_api.o)
                0x000105c4                wait_ms
 .text.wait_us  0x000105e4       0x28 /usr/lib/openmono/mono/mbedlib.a(wait_api.o)
                0x000105e4                wait_us
 .text._ZN4mbed19FunctionPointerArg1IvvE12membercallerIN4mono18ApplicationContextEEEvPvPj
                0x0001060c       0x18 /usr/lib/openmono/mono/mono_framework.a(application_context.o)
                0x0001060c                void mbed::FunctionPointerArg1<void, void>::membercaller<mono::ApplicationContext>(void*, unsigned int*)
 .text._ZN4mbed19FunctionPointerArg1IvvE12membercallerIN4mono14QueueInterruptEEEvPvPj
                0x00010624       0x18 /usr/lib/openmono/mono/mono_framework.a(application_context.o)
                0x00010624                void mbed::FunctionPointerArg1<void, void>::membercaller<mono::QueueInterrupt>(void*, unsigned int*)
 .text._ZN4mono18ApplicationContext4execEv
                0x0001063c        0xc /usr/lib/openmono/mono/mono_framework.a(application_context.o)
                0x0001063c                mono::ApplicationContext::exec()
 .text._ZN4mono18ApplicationContext10sleepForMsEm
                0x00010648       0x58 /usr/lib/openmono/mono/mono_framework.a(application_context.o)
                0x00010648                mono::ApplicationContext::sleepForMs(unsigned long)
 .text._ZN4mono18ApplicationContext14_softwareResetEv
                0x000106a0       0x14 /usr/lib/openmono/mono/mono_framework.a(application_context.o)
                0x000106a0                mono::ApplicationContext::_softwareReset()
 .text._ZN4mono18ApplicationContext26_softwareResetToBootloaderEv
                0x000106b4       0x14 /usr/lib/openmono/mono/mono_framework.a(application_context.o)
                0x000106b4                mono::ApplicationContext::_softwareResetToBootloader()
 .text._ZN4mono18ApplicationContext27_softwareResetToApplicationEv
                0x000106c8       0x14 /usr/lib/openmono/mono/mono_framework.a(application_context.o)
                0x000106c8                mono::ApplicationContext::_softwareResetToApplication()
 .text._ZN4mono18ApplicationContext12buttonWakeupEv
                0x000106dc       0x54 /usr/lib/openmono/mono/mono_framework.a(application_context.o)
                0x000106dc                mono::ApplicationContext::buttonWakeup()
 .text._ZN4mono18ApplicationContext14enterSleepModeEv
                0x00010730       0x70 /usr/lib/openmono/mono/mono_framework.a(application_context.o)
                0x00010730                mono::ApplicationContext::enterSleepMode()
 .text.debug.constprop.1
                0x000107a0       0x28 /usr/lib/openmono/mono/mono_framework.a(application_context.o)
 .text._ZN4mono18ApplicationContext17resetOnUserButtonEv
                0x000107c8       0x1c /usr/lib/openmono/mono/mono_framework.a(application_context.o)
                0x000107c8                mono::ApplicationContext::resetOnUserButton()
 .text._ZN4mono18ApplicationContextC2Ev
                0x000107e4      0x100 /usr/lib/openmono/mono/mono_framework.a(application_context.o)
                0x000107e4                mono::ApplicationContext::ApplicationContext()
                0x000107e4                mono::ApplicationContext::ApplicationContext()
 .text.startup._GLOBAL__sub_I__ZN4mono18ApplicationContext9singletonE
                0x000108e4      0x164 /usr/lib/openmono/mono/mono_framework.a(application_context.o)
 .text._ZN4mono18ApplicationContext18setMonoApplicationEPNS_12IApplicationE
                0x00010a48       0x74 /usr/lib/openmono/mono/mono_framework.a(application_context.o)
                0x00010a48                mono::ApplicationContext::setMonoApplication(mono::IApplication*)
 .text._ZN4mono18ApplicationContextD2Ev
                0x00010abc       0x70 /usr/lib/openmono/mono/mono_framework.a(application_context.o)
                0x00010abc                mono::ApplicationContext::~ApplicationContext()
                0x00010abc                mono::ApplicationContext::~ApplicationContext()
 .text._ZN4mono2io6SerialC2Ev
                0x00010b2c       0x2c /usr/lib/openmono/mono/mono_framework.a(mn_serial.o)
                0x00010b2c                mono::io::Serial::Serial()
                0x00010b2c                mono::io::Serial::Serial()
 .text._ZN4mono2io6Serial3DTREv
                0x00010b58       0x1e /usr/lib/openmono/mono/mono_framework.a(mn_serial.o)
                0x00010b58                mono::io::Serial::DTR()
 *fill*         0x00010b76        0x2 
 .text.startup._GLOBAL__sub_I__ZN4mono2io6SerialC2E7PinNameS2_
                0x00010b78      0x148 /usr/lib/openmono/mono/mono_framework.a(mn_serial.o)
 .text._ZN4mono7MonoRTC8startRtcEv
                0x00010cc0       0x10 /usr/lib/openmono/mono/mono_framework.a(mono_rtc.o)
                0x00010cc0                mono::MonoRTC::startRtc()
 .text._ZN4mono7MonoRTC7stopRtcEv
                0x00010cd0       0x10 /usr/lib/openmono/mono/mono_framework.a(mono_rtc.o)
                0x00010cd0                mono::MonoRTC::stopRtc()
 .text.rtc_interrupt
                0x00010ce0       0x18 /usr/lib/openmono/mono/mono_framework.a(mono_rtc.o)
                0x00010ce0                rtc_interrupt
 .text._ZN4mono7MonoRTC14setupRtcSystemEv
                0x00010cf8       0x3c /usr/lib/openmono/mono/mono_framework.a(mono_rtc.o)
                0x00010cf8                mono::MonoRTC::setupRtcSystem()
 .text._ZN4mono14QueueInterrupt17_irq_fall_handlerEv
                0x00010d34       0x80 /usr/lib/openmono/mono/mono_framework.a(queue_interrupt.o)
                0x00010d34                mono::QueueInterrupt::_irq_fall_handler()
 .text._ZN4mono14QueueInterrupt19debounceFallHandlerEv
                0x00010db4       0x38 /usr/lib/openmono/mono/mono_framework.a(queue_interrupt.o)
                0x00010db4                mono::QueueInterrupt::debounceFallHandler()
 .text._ZN4mbed6TickerD2Ev
                0x00010dec       0x1c /usr/lib/openmono/mono/mono_framework.a(queue_interrupt.o)
                0x00010dec                mbed::Ticker::~Ticker()
                0x00010dec                mbed::Ticker::~Ticker()
 .text._ZN4mbed6TickerD0Ev
                0x00010e08       0x12 /usr/lib/openmono/mono/mono_framework.a(queue_interrupt.o)
                0x00010e08                mbed::Ticker::~Ticker()
 *fill*         0x00010e1a        0x2 
 .text._ZN4mono14QueueInterruptC2E7PinName7PinMode
                0x00010e1c       0x8c /usr/lib/openmono/mono/mono_framework.a(queue_interrupt.o)
                0x00010e1c                mono::QueueInterrupt::QueueInterrupt(PinName, PinMode)
                0x00010e1c                mono::QueueInterrupt::QueueInterrupt(PinName, PinMode)
 .text._ZN4mono14QueueInterrupt13setDebouncingEb
                0x00010ea8        0x6 /usr/lib/openmono/mono/mono_framework.a(queue_interrupt.o)
                0x00010ea8                mono::QueueInterrupt::setDebouncing(bool)
 .text._ZN4mono14QueueInterrupt13FallTimeStampEv
                0x00010eae        0x6 /usr/lib/openmono/mono/mono_framework.a(queue_interrupt.o)
                0x00010eae                mono::QueueInterrupt::FallTimeStamp()
 .text._ZN4mono14QueueInterrupt24activateQueueTaskHandlerEv
                0x00010eb4       0x24 /usr/lib/openmono/mono/mono_framework.a(queue_interrupt.o)
                0x00010eb4                mono::QueueInterrupt::activateQueueTaskHandler()
 .text._ZN4mono14QueueInterrupt26deactivateQueueTaskHandlerEv
                0x00010ed8       0x24 /usr/lib/openmono/mono/mono_framework.a(queue_interrupt.o)
                0x00010ed8                mono::QueueInterrupt::deactivateQueueTaskHandler()
 .text._ZN4mono14QueueInterruptD2Ev
                0x00010efc       0x3c /usr/lib/openmono/mono/mono_framework.a(queue_interrupt.o)
                0x00010efc                mono::QueueInterrupt::~QueueInterrupt()
                0x00010efc                mono::QueueInterrupt::~QueueInterrupt()
 .text._ZN4mono14QueueInterruptD0Ev
                0x00010f38       0x12 /usr/lib/openmono/mono/mono_framework.a(queue_interrupt.o)
                0x00010f38                mono::QueueInterrupt::~QueueInterrupt()
 .text._ZN4mono14QueueInterrupt18setInterruptsSleepEb
                0x00010f4a        0x6 /usr/lib/openmono/mono/mono_framework.a(queue_interrupt.o)
                0x00010f4a                mono::QueueInterrupt::setInterruptsSleep(bool)
 .text._ZN4mono14QueueInterrupt11taskHandlerEv
                0x00010f50       0x38 /usr/lib/openmono/mono/mono_framework.a(queue_interrupt.o)
                0x00010f50                mono::QueueInterrupt::taskHandler()
 .text._ZThn88_N4mono14QueueInterrupt11taskHandlerEv
                0x00010f88        0x8 /usr/lib/openmono/mono/mono_framework.a(queue_interrupt.o)
                0x00010f88                non-virtual thunk to mono::QueueInterrupt::taskHandler()
 .text.startup._GLOBAL__sub_I__ZN4mono14QueueInterruptC2E7PinName7PinMode
                0x00010f90      0x148 /usr/lib/openmono/mono/mono_framework.a(queue_interrupt.o)
 .text._ZN4mono5Timer16hwTimerInterruptEv
                0x000110d8        0x8 /usr/lib/openmono/mono/mono_framework.a(mn_timer.o)
                0x000110d8                mono::Timer::hwTimerInterrupt()
 .text._ZN4mbed19FunctionPointerArg1IvvE12membercallerIN4mono5TimerEEEvPvPj
                0x000110e0       0x18 /usr/lib/openmono/mono/mono_framework.a(mn_timer.o)
                0x000110e0                void mbed::FunctionPointerArg1<void, void>::membercaller<mono::Timer>(void*, unsigned int*)
 .text._ZN4mono5TimerC2Emb
                0x000110f8       0x40 /usr/lib/openmono/mono/mono_framework.a(mn_timer.o)
                0x000110f8                mono::Timer::Timer(unsigned long, bool)
                0x000110f8                mono::Timer::Timer(unsigned long, bool)
 .text._ZN4mono5Timer5StartEv
                0x00011138       0x58 /usr/lib/openmono/mono/mono_framework.a(mn_timer.o)
                0x00011138                mono::Timer::Start()
 .text._ZN4mono5Timer4StopEv
                0x00011190       0x28 /usr/lib/openmono/mono/mono_framework.a(mn_timer.o)
                0x00011190                mono::Timer::Stop()
 .text._ZN4mono5TimerD2Ev
                0x000111b8       0x34 /usr/lib/openmono/mono/mono_framework.a(mn_timer.o)
                0x000111b8                mono::Timer::~Timer()
                0x000111b8                mono::Timer::~Timer()
 .text._ZN4mono5TimerD0Ev
                0x000111ec       0x12 /usr/lib/openmono/mono/mono_framework.a(mn_timer.o)
                0x000111ec                mono::Timer::~Timer()
 .text._ZN4mono5Timer11taskHandlerEv
                0x000111fe       0x52 /usr/lib/openmono/mono/mono_framework.a(mn_timer.o)
                0x000111fe                mono::Timer::taskHandler()
 .text.startup._GLOBAL__sub_I__ZN4mono5TimerC2Ev
                0x00011250      0x148 /usr/lib/openmono/mono/mono_framework.a(mn_timer.o)
 .text.debug    0x00011398       0x24 /usr/lib/openmono/mono/mono_framework.a(application_run_loop.o)
 .text._ZN4mono19IApplicationContext13SoftwareResetEv
                0x000113bc       0x10 /usr/lib/openmono/mono/mono_framework.a(application_run_loop.o)
                0x000113bc                mono::IApplicationContext::SoftwareReset()
 .text._ZN4mono10AppRunLoopC2Ev
                0x000113cc       0x28 /usr/lib/openmono/mono/mono_framework.a(application_run_loop.o)
                0x000113cc                mono::AppRunLoop::AppRunLoop()
                0x000113cc                mono::AppRunLoop::AppRunLoop()
 .text._ZN4mono10AppRunLoop14addDynamicTaskEPNS_12IRunLoopTaskE
                0x000113f4       0x1e /usr/lib/openmono/mono/mono_framework.a(application_run_loop.o)
                0x000113f4                mono::AppRunLoop::addDynamicTask(mono::IRunLoopTask*)
 .text._ZN4mono10AppRunLoop17removeTaskInQueueEPNS_12IRunLoopTaskE
                0x00011412       0x18 /usr/lib/openmono/mono/mono_framework.a(application_run_loop.o)
                0x00011412                mono::AppRunLoop::removeTaskInQueue(mono::IRunLoopTask*)
 .text._ZN4mono10AppRunLoop23processDynamicTaskQueueEv
                0x0001142a       0x22 /usr/lib/openmono/mono/mono_framework.a(application_run_loop.o)
                0x0001142a                mono::AppRunLoop::processDynamicTaskQueue()
 .text._ZN4mono10AppRunLoop17removeDynamicTaskEPNS_12IRunLoopTaskE
                0x0001144c       0x1a /usr/lib/openmono/mono/mono_framework.a(application_run_loop.o)
                0x0001144c                mono::AppRunLoop::removeDynamicTask(mono::IRunLoopTask*)
 *fill*         0x00011466        0x2 
 .text._ZN4mono10AppRunLoop17checkUsbUartStateEv
                0x00011468       0x78 /usr/lib/openmono/mono/mono_framework.a(application_run_loop.o)
                0x00011468                mono::AppRunLoop::checkUsbUartState()
 .text._ZN4mono10AppRunLoop7processEv
                0x000114e0       0x7c /usr/lib/openmono/mono/mono_framework.a(application_run_loop.o)
                0x000114e0                mono::AppRunLoop::process()
 .text._ZN4mono10AppRunLoop4execEv
                0x0001155c       0x16 /usr/lib/openmono/mono/mono_framework.a(application_run_loop.o)
                0x0001155c                mono::AppRunLoop::exec()
 *fill*         0x00011572        0x2 
 .text._ZN4mono10AppRunLoop20setResetOnUserButtonEb
                0x00011574       0x44 /usr/lib/openmono/mono/mono_framework.a(application_run_loop.o)
                0x00011574                mono::AppRunLoop::setResetOnUserButton(bool)
 .text.startup._GLOBAL__sub_I__ZN4mono10AppRunLoopC2Ev
                0x000115b8      0x148 /usr/lib/openmono/mono/mono_framework.a(application_run_loop.o)
 .text._ZN4mono13ScheduledTask7runTaskEb
                0x00011700       0x38 /usr/lib/openmono/mono/mono_framework.a(scheduled_task.o)
                0x00011700                mono::ScheduledTask::runTask(bool)
 .text._ZNK4mono13ScheduledTask5isDueEv
                0x00011738       0x1e /usr/lib/openmono/mono/mono_framework.a(scheduled_task.o)
                0x00011738                mono::ScheduledTask::isDue() const
 *fill*         0x00011756        0x2 
 .text._ZN4mono13ScheduledTask21processScheduledTasksEb
                0x00011758       0x44 /usr/lib/openmono/mono/mono_framework.a(scheduled_task.o)
                0x00011758                mono::ScheduledTask::processScheduledTasks(bool)
 .text.startup._GLOBAL__sub_I__ZN4mono13ScheduledTask5queueE
                0x0001179c        0xc /usr/lib/openmono/mono/mono_framework.a(scheduled_task.o)
 .text._ZN4mono7ConsoleC2EPN4mbed6SerialE
                0x000117a8        0x4 /usr/lib/openmono/mono/mono_framework.a(consoles.o)
                0x000117a8                mono::Console::Console(mbed::Serial*)
                0x000117a8                mono::Console::Console(mbed::Serial*)
 .text.startup._GLOBAL__sub_I__ZN4mono7memdumpEPvm
                0x000117ac       0x24 /usr/lib/openmono/mono/mono_framework.a(consoles.o)
 .text._ZN4mono5QueueC2Ev
                0x000117d0        0x8 /usr/lib/openmono/mono/mono_framework.a(queue.o)
                0x000117d0                mono::Queue::Queue()
                0x000117d0                mono::Queue::Queue()
 .text._ZN4mono5Queue4PeekEv
                0x000117d8        0x4 /usr/lib/openmono/mono/mono_framework.a(queue.o)
                0x000117d8                mono::Queue::Peek()
 .text._ZN4mono5Queue4NextEPNS_10IQueueItemE
                0x000117dc        0xa /usr/lib/openmono/mono/mono_framework.a(queue.o)
                0x000117dc                mono::Queue::Next(mono::IQueueItem*)
 .text._ZN4mono5Queue18sanitizeEndOfQueueEv
                0x000117e6       0x10 /usr/lib/openmono/mono/mono_framework.a(queue.o)
                0x000117e6                mono::Queue::sanitizeEndOfQueue()
 .text._ZN4mono5Queue6RemoveEPNS_10IQueueItemE
                0x000117f6       0x30 /usr/lib/openmono/mono/mono_framework.a(queue.o)
                0x000117f6                mono::Queue::Remove(mono::IQueueItem*)
 .text._ZN4mono2io10DigitalOutC2E7PinNamei
                0x00011826       0x12 /usr/lib/openmono/mono/mono_framework.a(mn_digital_out.o)
                0x00011826                mono::io::DigitalOut::DigitalOut(PinName, int)
                0x00011826                mono::io::DigitalOut::DigitalOut(PinName, int)
 .text._ZN4mono2io10DigitalOutC2E7PinNamei7PinMode
                0x00011838       0x1c /usr/lib/openmono/mono/mono_framework.a(mn_digital_out.o)
                0x00011838                mono::io::DigitalOut::DigitalOut(PinName, int, PinMode)
                0x00011838                mono::io::DigitalOut::DigitalOut(PinName, int, PinMode)
 .text._ZN4mono2io10DigitalOut7setModeE7PinMode
                0x00011854        0x4 /usr/lib/openmono/mono/mono_framework.a(mn_digital_out.o)
                0x00011854                mono::io::DigitalOut::setMode(PinMode)
 .text._ZN4mono12ITouchSystem8activateEv
                0x00011858        0x8 /usr/lib/openmono/mono/mono_framework.a(mono_touch_system.o)
                0x00011858                mono::ITouchSystem::activate()
 .text._ZN4mono12ITouchSystem10deactivateEv
                0x00011860        0x8 /usr/lib/openmono/mono/mono_framework.a(mono_touch_system.o)
                0x00011860                mono::ITouchSystem::deactivate()
 .text._ZNK4mono12ITouchSystem8isActiveEv
                0x00011868        0x6 /usr/lib/openmono/mono/mono_framework.a(mono_touch_system.o)
                0x00011868                mono::ITouchSystem::isActive() const
 .text._ZN4mono15MonoTouchSystem15ToScreenCoordsXEit
                0x0001186e       0x18 /usr/lib/openmono/mono/mono_framework.a(mono_touch_system.o)
                0x0001186e                mono::MonoTouchSystem::ToScreenCoordsX(int, unsigned short)
 .text._ZN4mono15MonoTouchSystem15ToScreenCoordsYEit
                0x00011886       0x18 /usr/lib/openmono/mono/mono_framework.a(mono_touch_system.o)
                0x00011886                mono::MonoTouchSystem::ToScreenCoordsY(int, unsigned short)
 .text._ZN4mono15MonoTouchSystem18OnSystemBatteryLowEv
                0x0001189e        0x2 /usr/lib/openmono/mono/mono_framework.a(mono_touch_system.o)
                0x0001189e                mono::MonoTouchSystem::onSystemWakeFromSleep()
                0x0001189e                mono::MonoTouchSystem::onSystemEnterSleep()
                0x0001189e                mono::MonoTouchSystem::OnSystemBatteryLow()
                0x0001189e                mono::MonoTouchSystem::onSystemPowerOnReset()
 .text._ZThn44_N4mono15MonoTouchSystem20onSystemPowerOnResetEv
                0x000118a0        0x8 /usr/lib/openmono/mono/mono_framework.a(mono_touch_system.o)
                0x000118a0                non-virtual thunk to mono::MonoTouchSystem::onSystemPowerOnReset()
 .text._ZThn44_N4mono15MonoTouchSystem18onSystemEnterSleepEv
                0x000118a8        0x8 /usr/lib/openmono/mono/mono_framework.a(mono_touch_system.o)
                0x000118a8                non-virtual thunk to mono::MonoTouchSystem::onSystemEnterSleep()
 .text._ZThn44_N4mono15MonoTouchSystem21onSystemWakeFromSleepEv
                0x000118b0        0x8 /usr/lib/openmono/mono/mono_framework.a(mono_touch_system.o)
                0x000118b0                non-virtual thunk to mono::MonoTouchSystem::onSystemWakeFromSleep()
 .text._ZThn44_N4mono15MonoTouchSystem18OnSystemBatteryLowEv
                0x000118b8        0x8 /usr/lib/openmono/mono/mono_framework.a(mono_touch_system.o)
                0x000118b8                non-virtual thunk to mono::MonoTouchSystem::OnSystemBatteryLow()
 .text._ZN4mono15MonoTouchSystem4initEv
                0x000118c0       0x1c /usr/lib/openmono/mono/mono_framework.a(mono_touch_system.o)
                0x000118c0                mono::MonoTouchSystem::init()
 .text._ZN4mono15MonoTouchSystem18CurrentCalibrationEv
                0x000118dc       0x22 /usr/lib/openmono/mono/mono_framework.a(mono_touch_system.o)
                0x000118dc                mono::MonoTouchSystem::CurrentCalibration()
 .text._ZN4mono15MonoTouchSystem14setCalibrationERNS_3geo4RectE
                0x000118fe       0x2c /usr/lib/openmono/mono/mono_framework.a(mono_touch_system.o)
                0x000118fe                mono::MonoTouchSystem::setCalibration(mono::geo::Rect&)
 *fill*         0x0001192a        0x2 
 .text._ZN4mono15MonoTouchSystemC2Ev
                0x0001192c       0x58 /usr/lib/openmono/mono/mono_framework.a(mono_touch_system.o)
                0x0001192c                mono::MonoTouchSystem::MonoTouchSystem()
                0x0001192c                mono::MonoTouchSystem::MonoTouchSystem()
 .text._ZN4mono15MonoTouchSystem7sampleXEv
                0x00011984       0x90 /usr/lib/openmono/mono/mono_framework.a(mono_touch_system.o)
                0x00011984                mono::MonoTouchSystem::sampleX()
 .text._ZN4mono15MonoTouchSystem7sampleYEv
                0x00011a14       0x90 /usr/lib/openmono/mono/mono_framework.a(mono_touch_system.o)
                0x00011a14                mono::MonoTouchSystem::sampleY()
 .text._ZN4mono15MonoTouchSystem17processTouchInputEv
                0x00011aa4      0x154 /usr/lib/openmono/mono/mono_framework.a(mono_touch_system.o)
                0x00011aa4                mono::MonoTouchSystem::processTouchInput()
 .text.startup._GLOBAL__sub_I__ZN4mono15MonoTouchSystemC2Ev
                0x00011bf8      0x148 /usr/lib/openmono/mono/mono_framework.a(mono_touch_system.o)
 .text.debug    0x00011d40       0x24 /usr/lib/openmono/mono/mono_framework.a(at30ts74_temperature.o)
 .text._ZN4mono6sensor19AT30TS74TemperatureC2Ev
                0x00011d64       0x10 /usr/lib/openmono/mono/mono_framework.a(at30ts74_temperature.o)
                0x00011d64                mono::sensor::AT30TS74Temperature::AT30TS74Temperature()
                0x00011d64                mono::sensor::AT30TS74Temperature::AT30TS74Temperature()
 .text._ZN4mono6sensor19AT30TS74Temperature12readRegisterEhPt
                0x00011d74       0xa8 /usr/lib/openmono/mono/mono_framework.a(at30ts74_temperature.o)
                0x00011d74                mono::sensor::AT30TS74Temperature::readRegister(unsigned char, unsigned short*)
 .text._ZN4mono6sensor19AT30TS74Temperature4ReadEv
                0x00011e1c       0x2a /usr/lib/openmono/mono/mono_framework.a(at30ts74_temperature.o)
                0x00011e1c                mono::sensor::AT30TS74Temperature::Read()
 .text._ZN4mono6sensor19AT30TS74Temperature16ReadMilliCelciusEv
                0x00011e46       0x32 /usr/lib/openmono/mono/mono_framework.a(at30ts74_temperature.o)
                0x00011e46                mono::sensor::AT30TS74Temperature::ReadMilliCelcius()
 .text.startup._GLOBAL__sub_I__ZN4mono6sensor19AT30TS74TemperatureC2Ev
                0x00011e78       0x48 /usr/lib/openmono/mono/mono_framework.a(at30ts74_temperature.o)
 .text._ZN4mono5power16IPowerManagement26processResetAwarenessQueueEv
                0x00011ec0       0x14 /usr/lib/openmono/mono/mono_framework.a(mono_power_management.o)
                0x00011ec0                mono::power::IPowerManagement::processResetAwarenessQueue()
 .text._ZN4mono5power16IPowerManagement26processSleepAwarenessQueueEv
                0x00011ed4       0x14 /usr/lib/openmono/mono/mono_framework.a(mono_power_management.o)
                0x00011ed4                mono::power::IPowerManagement::processSleepAwarenessQueue()
 .text._ZN4mono5power16IPowerManagement25processWakeAwarenessQueueEv
                0x00011ee8       0x14 /usr/lib/openmono/mono/mono_framework.a(mono_power_management.o)
                0x00011ee8                mono::power::IPowerManagement::processWakeAwarenessQueue()
 .text._ZN4mono5power16IPowerManagement31processBatteryLowAwarenessQueueEv
                0x00011efc       0x14 /usr/lib/openmono/mono/mono_framework.a(mono_power_management.o)
                0x00011efc                mono::power::IPowerManagement::processBatteryLowAwarenessQueue()
 .text._ZN4mono5power16IPowerManagement29removeObjectInPowerAwareQueueEPNS0_11IPowerAwareE
                0x00011f10       0x10 /usr/lib/openmono/mono/mono_framework.a(mono_power_management.o)
                0x00011f10                mono::power::IPowerManagement::removeObjectInPowerAwareQueue(mono::power::IPowerAware*)
 .text._ZN4mono5power16IPowerManagement23AppendToPowerAwareQueueEPNS0_11IPowerAwareE
                0x00011f20       0x1c /usr/lib/openmono/mono/mono_framework.a(mono_power_management.o)
                0x00011f20                mono::power::IPowerManagement::AppendToPowerAwareQueue(mono::power::IPowerAware*)
 .text._ZN4mono5power16IPowerManagement25RemoveFromPowerAwareQueueEPNS0_11IPowerAwareE
                0x00011f3c       0x1c /usr/lib/openmono/mono/mono_framework.a(mono_power_management.o)
                0x00011f3c                mono::power::IPowerManagement::RemoveFromPowerAwareQueue(mono::power::IPowerAware*)
 .text._ZN4mono5power19MonoPowerManagement11taskHandlerEv
                0x00011f58       0x14 /usr/lib/openmono/mono/mono_framework.a(mono_power_management.o)
                0x00011f58                mono::power::MonoPowerManagement::taskHandler()
 .text._ZThn12_N4mono5power19MonoPowerManagement11taskHandlerEv
                0x00011f6c        0x8 /usr/lib/openmono/mono/mono_framework.a(mono_power_management.o)
                0x00011f6c                non-virtual thunk to mono::power::MonoPowerManagement::taskHandler()
 .text._ZN4mono5power19MonoPowerManagement26processResetAwarenessQueueEv
                0x00011f74        0x8 /usr/lib/openmono/mono/mono_framework.a(mono_power_management.o)
                0x00011f74                mono::power::MonoPowerManagement::processResetAwarenessQueue()
 .text._ZN4mono5power19MonoPowerManagement16systemLowBatteryEv
                0x00011f7c        0x8 /usr/lib/openmono/mono/mono_framework.a(mono_power_management.o)
                0x00011f7c                mono::power::MonoPowerManagement::systemLowBattery()
 .text._ZN4mbed19FunctionPointerArg1IvvE12membercallerIN4mono5power19MonoPowerManagementEEEvPvPj
                0x00011f84       0x18 /usr/lib/openmono/mono/mono_framework.a(mono_power_management.o)
                0x00011f84                void mbed::FunctionPointerArg1<void, void>::membercaller<mono::power::MonoPowerManagement>(void*, unsigned int*)
 .text._ZN4mono5power19MonoPowerManagement19setupMCUPeripheralsEv
                0x00011f9c       0xb8 /usr/lib/openmono/mono/mono_framework.a(mono_power_management.o)
                0x00011f9c                mono::power::MonoPowerManagement::setupMCUPeripherals()
 .text.debug.constprop.1
                0x00012054       0x28 /usr/lib/openmono/mono/mono_framework.a(mono_power_management.o)